Archive member included to satisfy reference by file (symbol)

e:/tools/microchip_studio/7.0/toolchain/avr8/avr8-gnu-toolchain/bin/../lib/gcc/avr/5.4.0/../../../../avr/lib/avr51\libm.a(addsf3.o)
                              main_graphics.o (__subsf3)
e:/tools/microchip_studio/7.0/toolchain/avr8/avr8-gnu-toolchain/bin/../lib/gcc/avr/5.4.0/../../../../avr/lib/avr51\libm.a(addsf3x.o)
                              e:/tools/microchip_studio/7.0/toolchain/avr8/avr8-gnu-toolchain/bin/../lib/gcc/avr/5.4.0/../../../../avr/lib/avr51\libm.a(addsf3.o) (__addsf3x)
e:/tools/microchip_studio/7.0/toolchain/avr8/avr8-gnu-toolchain/bin/../lib/gcc/avr/5.4.0/../../../../avr/lib/avr51\libm.a(divsf3.o)
                              main_iot.o (__divsf3)
e:/tools/microchip_studio/7.0/toolchain/avr8/avr8-gnu-toolchain/bin/../lib/gcc/avr/5.4.0/../../../../avr/lib/avr51\libm.a(divsf3x.o)
                              e:/tools/microchip_studio/7.0/toolchain/avr8/avr8-gnu-toolchain/bin/../lib/gcc/avr/5.4.0/../../../../avr/lib/avr51\libm.a(divsf3.o) (__divsf3x)
e:/tools/microchip_studio/7.0/toolchain/avr8/avr8-gnu-toolchain/bin/../lib/gcc/avr/5.4.0/../../../../avr/lib/avr51\libm.a(fixsfsi.o)
                              main_iot.o (__fixsfsi)
e:/tools/microchip_studio/7.0/toolchain/avr8/avr8-gnu-toolchain/bin/../lib/gcc/avr/5.4.0/../../../../avr/lib/avr51\libm.a(fixunssfsi.o)
                              main_graphics.o (__fixunssfsi)
e:/tools/microchip_studio/7.0/toolchain/avr8/avr8-gnu-toolchain/bin/../lib/gcc/avr/5.4.0/../../../../avr/lib/avr51\libm.a(floatsisf.o)
                              main_graphics.o (__floatunsisf)
e:/tools/microchip_studio/7.0/toolchain/avr8/avr8-gnu-toolchain/bin/../lib/gcc/avr/5.4.0/../../../../avr/lib/avr51\libm.a(fp_inf.o)
                              e:/tools/microchip_studio/7.0/toolchain/avr8/avr8-gnu-toolchain/bin/../lib/gcc/avr/5.4.0/../../../../avr/lib/avr51\libm.a(addsf3x.o) (__fp_inf)
e:/tools/microchip_studio/7.0/toolchain/avr8/avr8-gnu-toolchain/bin/../lib/gcc/avr/5.4.0/../../../../avr/lib/avr51\libm.a(fp_nan.o)
                              e:/tools/microchip_studio/7.0/toolchain/avr8/avr8-gnu-toolchain/bin/../lib/gcc/avr/5.4.0/../../../../avr/lib/avr51\libm.a(addsf3x.o) (__fp_nan)
e:/tools/microchip_studio/7.0/toolchain/avr8/avr8-gnu-toolchain/bin/../lib/gcc/avr/5.4.0/../../../../avr/lib/avr51\libm.a(fp_pscA.o)
                              e:/tools/microchip_studio/7.0/toolchain/avr8/avr8-gnu-toolchain/bin/../lib/gcc/avr/5.4.0/../../../../avr/lib/avr51\libm.a(addsf3x.o) (__fp_pscA)
e:/tools/microchip_studio/7.0/toolchain/avr8/avr8-gnu-toolchain/bin/../lib/gcc/avr/5.4.0/../../../../avr/lib/avr51\libm.a(fp_pscB.o)
                              e:/tools/microchip_studio/7.0/toolchain/avr8/avr8-gnu-toolchain/bin/../lib/gcc/avr/5.4.0/../../../../avr/lib/avr51\libm.a(addsf3x.o) (__fp_pscB)
e:/tools/microchip_studio/7.0/toolchain/avr8/avr8-gnu-toolchain/bin/../lib/gcc/avr/5.4.0/../../../../avr/lib/avr51\libm.a(fp_round.o)
                              e:/tools/microchip_studio/7.0/toolchain/avr8/avr8-gnu-toolchain/bin/../lib/gcc/avr/5.4.0/../../../../avr/lib/avr51\libm.a(addsf3.o) (__fp_round)
e:/tools/microchip_studio/7.0/toolchain/avr8/avr8-gnu-toolchain/bin/../lib/gcc/avr/5.4.0/../../../../avr/lib/avr51\libm.a(fp_split3.o)
                              e:/tools/microchip_studio/7.0/toolchain/avr8/avr8-gnu-toolchain/bin/../lib/gcc/avr/5.4.0/../../../../avr/lib/avr51\libm.a(addsf3x.o) (__fp_split3)
e:/tools/microchip_studio/7.0/toolchain/avr8/avr8-gnu-toolchain/bin/../lib/gcc/avr/5.4.0/../../../../avr/lib/avr51\libm.a(fp_zero.o)
                              e:/tools/microchip_studio/7.0/toolchain/avr8/avr8-gnu-toolchain/bin/../lib/gcc/avr/5.4.0/../../../../avr/lib/avr51\libm.a(addsf3x.o) (__fp_zero)
e:/tools/microchip_studio/7.0/toolchain/avr8/avr8-gnu-toolchain/bin/../lib/gcc/avr/5.4.0/../../../../avr/lib/avr51\libm.a(mulsf3.o)
                              main_graphics.o (__mulsf3)
e:/tools/microchip_studio/7.0/toolchain/avr8/avr8-gnu-toolchain/bin/../lib/gcc/avr/5.4.0/../../../../avr/lib/avr51\libm.a(mulsf3x.o)
                              e:/tools/microchip_studio/7.0/toolchain/avr8/avr8-gnu-toolchain/bin/../lib/gcc/avr/5.4.0/../../../../avr/lib/avr51\libm.a(mulsf3.o) (__mulsf3x)
e:/tools/microchip_studio/7.0/toolchain/avr8/avr8-gnu-toolchain/bin/../lib/gcc/avr/5.4.0/../../../../avr/lib/avr51\libm.a(sin.o)
                              main_graphics.o (sin)
e:/tools/microchip_studio/7.0/toolchain/avr8/avr8-gnu-toolchain/bin/../lib/gcc/avr/5.4.0/../../../../avr/lib/avr51\libm.a(sqrt.o)
                              _glcd.o (sqrt)
e:/tools/microchip_studio/7.0/toolchain/avr8/avr8-gnu-toolchain/bin/../lib/gcc/avr/5.4.0/../../../../avr/lib/avr51\libm.a(fp_mpack.o)
                              e:/tools/microchip_studio/7.0/toolchain/avr8/avr8-gnu-toolchain/bin/../lib/gcc/avr/5.4.0/../../../../avr/lib/avr51\libm.a(sqrt.o) (__fp_mpack)
e:/tools/microchip_studio/7.0/toolchain/avr8/avr8-gnu-toolchain/bin/../lib/gcc/avr/5.4.0/../../../../avr/lib/avr51\libm.a(fp_norm2.o)
                              e:/tools/microchip_studio/7.0/toolchain/avr8/avr8-gnu-toolchain/bin/../lib/gcc/avr/5.4.0/../../../../avr/lib/avr51\libm.a(sqrt.o) (__fp_norm2)
e:/tools/microchip_studio/7.0/toolchain/avr8/avr8-gnu-toolchain/bin/../lib/gcc/avr/5.4.0/../../../../avr/lib/avr51\libm.a(fp_rempio2.o)
                              e:/tools/microchip_studio/7.0/toolchain/avr8/avr8-gnu-toolchain/bin/../lib/gcc/avr/5.4.0/../../../../avr/lib/avr51\libm.a(sin.o) (__fp_rempio2)
e:/tools/microchip_studio/7.0/toolchain/avr8/avr8-gnu-toolchain/bin/../lib/gcc/avr/5.4.0/../../../../avr/lib/avr51\libm.a(fp_sinus.o)
                              e:/tools/microchip_studio/7.0/toolchain/avr8/avr8-gnu-toolchain/bin/../lib/gcc/avr/5.4.0/../../../../avr/lib/avr51\libm.a(sin.o) (__fp_sinus)
e:/tools/microchip_studio/7.0/toolchain/avr8/avr8-gnu-toolchain/bin/../lib/gcc/avr/5.4.0/../../../../avr/lib/avr51\libm.a(fp_powsodd.o)
                              e:/tools/microchip_studio/7.0/toolchain/avr8/avr8-gnu-toolchain/bin/../lib/gcc/avr/5.4.0/../../../../avr/lib/avr51\libm.a(fp_sinus.o) (__fp_powsodd)
e:/tools/microchip_studio/7.0/toolchain/avr8/avr8-gnu-toolchain/bin/../lib/gcc/avr/5.4.0/../../../../avr/lib/avr51\libm.a(fp_powser.o)
                              e:/tools/microchip_studio/7.0/toolchain/avr8/avr8-gnu-toolchain/bin/../lib/gcc/avr/5.4.0/../../../../avr/lib/avr51\libm.a(fp_powsodd.o) (__fp_powser)
e:/tools/microchip_studio/7.0/toolchain/avr8/avr8-gnu-toolchain/bin/../lib/gcc/avr/5.4.0/avr51\libgcc.a(_udivmodhi4.o)
                              main_iot.o (__udivmodhi4)
e:/tools/microchip_studio/7.0/toolchain/avr8/avr8-gnu-toolchain/bin/../lib/gcc/avr/5.4.0/avr51\libgcc.a(_divmodhi4.o)
                              main_iot.o (__divmodhi4)
e:/tools/microchip_studio/7.0/toolchain/avr8/avr8-gnu-toolchain/bin/../lib/gcc/avr/5.4.0/avr51\libgcc.a(_divmodsi4.o)
                              _uart.o (__divmodsi4)
e:/tools/microchip_studio/7.0/toolchain/avr8/avr8-gnu-toolchain/bin/../lib/gcc/avr/5.4.0/avr51\libgcc.a(_negsi2.o)
                              e:/tools/microchip_studio/7.0/toolchain/avr8/avr8-gnu-toolchain/bin/../lib/gcc/avr/5.4.0/avr51\libgcc.a(_divmodsi4.o) (__negsi2)
e:/tools/microchip_studio/7.0/toolchain/avr8/avr8-gnu-toolchain/bin/../lib/gcc/avr/5.4.0/avr51\libgcc.a(_exit.o)
                              E:/tools/microchip_studio/7.0/Packs/Atmel/ATmega_DFP/2.0.401/gcc/dev/atmega128/avr51/crtatmega128.o (exit)
e:/tools/microchip_studio/7.0/toolchain/avr8/avr8-gnu-toolchain/bin/../lib/gcc/avr/5.4.0/avr51\libgcc.a(_copy_data.o)
                              main_iot.o (__do_copy_data)
e:/tools/microchip_studio/7.0/toolchain/avr8/avr8-gnu-toolchain/bin/../lib/gcc/avr/5.4.0/avr51\libgcc.a(_clear_bss.o)
                              main_iot.o (__do_clear_bss)
e:/tools/microchip_studio/7.0/toolchain/avr8/avr8-gnu-toolchain/bin/../lib/gcc/avr/5.4.0/avr51\libgcc.a(_umulhisi3.o)
                              main_iot.o (__umulhisi3)
e:/tools/microchip_studio/7.0/toolchain/avr8/avr8-gnu-toolchain/bin/../lib/gcc/avr/5.4.0/avr51\libgcc.a(_udivmodsi4.o)
                              e:/tools/microchip_studio/7.0/toolchain/avr8/avr8-gnu-toolchain/bin/../lib/gcc/avr/5.4.0/avr51\libgcc.a(_divmodsi4.o) (__udivmodsi4)
e:/tools/microchip_studio/7.0/toolchain/avr8/avr8-gnu-toolchain/bin/../lib/gcc/avr/5.4.0/../../../../avr/lib/avr51\libc.a(atoi.o)
                              main_iot.o (atoi)
e:/tools/microchip_studio/7.0/toolchain/avr8/avr8-gnu-toolchain/bin/../lib/gcc/avr/5.4.0/../../../../avr/lib/avr51\libc.a(strcmp.o)
                              main_iot.o (strcmp)
e:/tools/microchip_studio/7.0/toolchain/avr8/avr8-gnu-toolchain/bin/../lib/gcc/avr/5.4.0/../../../../avr/lib/avr51\libc.a(strncmp.o)
                              main_iot.o (strncmp)
e:/tools/microchip_studio/7.0/toolchain/avr8/avr8-gnu-toolchain/bin/../lib/gcc/avr/5.4.0/../../../../avr/lib/avr51\libc.a(mul10.o)
                              e:/tools/microchip_studio/7.0/toolchain/avr8/avr8-gnu-toolchain/bin/../lib/gcc/avr/5.4.0/../../../../avr/lib/avr51\libc.a(atoi.o) (__mulhi_const_10)
e:/tools/microchip_studio/7.0/toolchain/avr8/avr8-gnu-toolchain/bin/../lib/gcc/avr/5.4.0/../../../../avr/lib/avr51\libc.a(sprintf.o)
                              main_iot.o (sprintf)
e:/tools/microchip_studio/7.0/toolchain/avr8/avr8-gnu-toolchain/bin/../lib/gcc/avr/5.4.0/../../../../avr/lib/avr51\libc.a(vfprintf_std.o)
                              e:/tools/microchip_studio/7.0/toolchain/avr8/avr8-gnu-toolchain/bin/../lib/gcc/avr/5.4.0/../../../../avr/lib/avr51\libc.a(sprintf.o) (vfprintf)
e:/tools/microchip_studio/7.0/toolchain/avr8/avr8-gnu-toolchain/bin/../lib/gcc/avr/5.4.0/../../../../avr/lib/avr51\libc.a(strnlen_P.o)
                              e:/tools/microchip_studio/7.0/toolchain/avr8/avr8-gnu-toolchain/bin/../lib/gcc/avr/5.4.0/../../../../avr/lib/avr51\libc.a(vfprintf_std.o) (strnlen_P)
e:/tools/microchip_studio/7.0/toolchain/avr8/avr8-gnu-toolchain/bin/../lib/gcc/avr/5.4.0/../../../../avr/lib/avr51\libc.a(strnlen.o)
                              e:/tools/microchip_studio/7.0/toolchain/avr8/avr8-gnu-toolchain/bin/../lib/gcc/avr/5.4.0/../../../../avr/lib/avr51\libc.a(vfprintf_std.o) (strnlen)
e:/tools/microchip_studio/7.0/toolchain/avr8/avr8-gnu-toolchain/bin/../lib/gcc/avr/5.4.0/../../../../avr/lib/avr51\libc.a(fputc.o)
                              e:/tools/microchip_studio/7.0/toolchain/avr8/avr8-gnu-toolchain/bin/../lib/gcc/avr/5.4.0/../../../../avr/lib/avr51\libc.a(vfprintf_std.o) (fputc)
e:/tools/microchip_studio/7.0/toolchain/avr8/avr8-gnu-toolchain/bin/../lib/gcc/avr/5.4.0/../../../../avr/lib/avr51\libc.a(ultoa_invert.o)
                              e:/tools/microchip_studio/7.0/toolchain/avr8/avr8-gnu-toolchain/bin/../lib/gcc/avr/5.4.0/../../../../avr/lib/avr51\libc.a(vfprintf_std.o) (__ultoa_invert)

Allocating common symbols
Common symbol       size              file

xchar               0x1               _glcd.o
ubrr                0x2               _uart.o
d                   0x2               _glcd.o
ScreenBuffer        0x400             _glcd.o
numberHistory       0xa               main_iot.o
serialBuffer        0x64              main_iot.o
ychar               0x1               _glcd.o

Discarded input sections

 .data          0x00000000        0x0 E:/tools/microchip_studio/7.0/Packs/Atmel/ATmega_DFP/2.0.401/gcc/dev/atmega128/avr51/crtatmega128.o
 .bss           0x00000000        0x0 E:/tools/microchip_studio/7.0/Packs/Atmel/ATmega_DFP/2.0.401/gcc/dev/atmega128/avr51/crtatmega128.o
 .text          0x00000000        0x0 Main.o
 .data          0x00000000        0x0 Main.o
 .bss           0x00000000        0x0 Main.o
 .text          0x00000000        0x0 main_accelerometer.o
 .data          0x00000000        0x0 main_accelerometer.o
 .bss           0x00000000        0x0 main_accelerometer.o
 .debug_info    0x00000000       0x5d main_accelerometer.o
 .debug_abbrev  0x00000000       0x26 main_accelerometer.o
 .debug_aranges
                0x00000000       0x18 main_accelerometer.o
 .debug_line    0x00000000       0x1a main_accelerometer.o
 .debug_str     0x00000000      0x17c main_accelerometer.o
 .comment       0x00000000       0x31 main_accelerometer.o
 .text          0x00000000        0x0 main_adc.o
 .data          0x00000000        0x0 main_adc.o
 .bss           0x00000000        0x0 main_adc.o
 .debug_info    0x00000000       0x5d main_adc.o
 .debug_abbrev  0x00000000       0x26 main_adc.o
 .debug_aranges
                0x00000000       0x18 main_adc.o
 .debug_line    0x00000000       0x1a main_adc.o
 .debug_str     0x00000000      0x172 main_adc.o
 .comment       0x00000000       0x31 main_adc.o
 .text          0x00000000        0x0 main_blink.o
 .data          0x00000000        0x0 main_blink.o
 .bss           0x00000000        0x0 main_blink.o
 .debug_info    0x00000000       0x5d main_blink.o
 .debug_abbrev  0x00000000       0x26 main_blink.o
 .debug_aranges
                0x00000000       0x18 main_blink.o
 .debug_line    0x00000000       0x1a main_blink.o
 .debug_str     0x00000000      0x174 main_blink.o
 .comment       0x00000000       0x31 main_blink.o
 .text          0x00000000        0x0 main_blink_asm.o
 .data          0x00000000        0x0 main_blink_asm.o
 .bss           0x00000000        0x0 main_blink_asm.o
 .debug_info    0x00000000       0x5d main_blink_asm.o
 .debug_abbrev  0x00000000       0x26 main_blink_asm.o
 .debug_aranges
                0x00000000       0x18 main_blink_asm.o
 .debug_line    0x00000000       0x1a main_blink_asm.o
 .debug_str     0x00000000      0x178 main_blink_asm.o
 .comment       0x00000000       0x31 main_blink_asm.o
 .text          0x00000000        0x0 main_cds.o
 .data          0x00000000        0x0 main_cds.o
 .bss           0x00000000        0x0 main_cds.o
 .debug_info    0x00000000       0x5d main_cds.o
 .debug_abbrev  0x00000000       0x26 main_cds.o
 .debug_aranges
                0x00000000       0x18 main_cds.o
 .debug_line    0x00000000       0x1a main_cds.o
 .debug_str     0x00000000      0x172 main_cds.o
 .comment       0x00000000       0x31 main_cds.o
 .text          0x00000000        0x0 main_game_hangman.o
 .data          0x00000000        0x0 main_game_hangman.o
 .bss           0x00000000        0x0 main_game_hangman.o
 .debug_info    0x00000000       0x5d main_game_hangman.o
 .debug_abbrev  0x00000000       0x26 main_game_hangman.o
 .debug_aranges
                0x00000000       0x18 main_game_hangman.o
 .debug_line    0x00000000       0x1a main_game_hangman.o
 .debug_str     0x00000000      0x17b main_game_hangman.o
 .comment       0x00000000       0x31 main_game_hangman.o
 .text          0x00000000        0x0 main_game_obstacle.o
 .data          0x00000000        0x0 main_game_obstacle.o
 .bss           0x00000000        0x0 main_game_obstacle.o
 .debug_info    0x00000000       0x5d main_game_obstacle.o
 .debug_abbrev  0x00000000       0x26 main_game_obstacle.o
 .debug_aranges
                0x00000000       0x18 main_game_obstacle.o
 .debug_line    0x00000000       0x1a main_game_obstacle.o
 .debug_str     0x00000000      0x17c main_game_obstacle.o
 .comment       0x00000000       0x31 main_game_obstacle.o
 .text          0x00000000        0x0 main_game_wordpuzzle.o
 .data          0x00000000        0x0 main_game_wordpuzzle.o
 .bss           0x00000000        0x0 main_game_wordpuzzle.o
 .debug_info    0x00000000       0x5d main_game_wordpuzzle.o
 .debug_abbrev  0x00000000       0x26 main_game_wordpuzzle.o
 .debug_aranges
                0x00000000       0x18 main_game_wordpuzzle.o
 .debug_line    0x00000000       0x1a main_game_wordpuzzle.o
 .debug_str     0x00000000      0x17e main_game_wordpuzzle.o
 .comment       0x00000000       0x31 main_game_wordpuzzle.o
 .text          0x00000000        0x0 main_graphics.o
 .data          0x00000000        0x0 main_graphics.o
 .bss           0x00000000        0x0 main_graphics.o
 .text          0x00000000        0x0 main_inline.o
 .data          0x00000000        0x0 main_inline.o
 .bss           0x00000000        0x0 main_inline.o
 .debug_line    0x00000000        0x0 main_inline.o
 .debug_str     0x00000000      0x109 main_inline.o
 .comment       0x00000000       0x31 main_inline.o
 .text          0x00000000        0x0 main_interrupt.o
 .data          0x00000000        0x0 main_interrupt.o
 .bss           0x00000000        0x0 main_interrupt.o
 .debug_info    0x00000000       0x5d main_interrupt.o
 .debug_abbrev  0x00000000       0x26 main_interrupt.o
 .debug_aranges
                0x00000000       0x18 main_interrupt.o
 .debug_line    0x00000000       0x1a main_interrupt.o
 .debug_str     0x00000000      0x178 main_interrupt.o
 .comment       0x00000000       0x31 main_interrupt.o
 .text          0x00000000        0x0 main_iot.o
 .data          0x00000000        0x0 main_iot.o
 .bss           0x00000000        0x0 main_iot.o
 .text.initializeUARTInterrupt
                0x00000000       0x1a main_iot.o
 .text.transmitStringUART
                0x00000000       0x1e main_iot.o
 .text.transmitCharUART
                0x00000000        0xe main_iot.o
 .text.showStartupInfo
                0x00000000       0x40 main_iot.o
 .text.initializeADC0Interrupt
                0x00000000        0xc main_iot.o
 .text.convertToTemperature
                0x00000000       0x2a main_iot.o
 .text.executeSoftwareDelay
                0x00000000       0x22 main_iot.o
 .text.moveStepperMotor
                0x00000000       0xca main_iot.o
 .text.initializeDCMotor
                0x00000000        0xa main_iot.o
 .text.initializeServoMotor
                0x00000000       0x14 main_iot.o
 .text.setServoMotorAngle
                0x00000000       0xe6 main_iot.o
 .text.setupTimer2
                0x00000000       0x18 main_iot.o
 .text.setupINT1
                0x00000000       0x18 main_iot.o
 .text.init_interrupts
                0x00000000       0x1e main_iot.o
 .text.main_iot
                0x00000000       0x82 main_iot.o
 .text.forecastNextValue
                0x00000000       0x66 main_iot.o
 .bss.measuredDistanceCm
                0x00000000        0x2 main_iot.o
 .bss.echoPulseDuration
                0x00000000        0x2 main_iot.o
 .bss.dcMotorVelocity
                0x00000000        0x1 main_iot.o
 .text          0x00000000        0x0 main_joystick.o
 .data          0x00000000        0x0 main_joystick.o
 .bss           0x00000000        0x0 main_joystick.o
 .debug_info    0x00000000       0x5d main_joystick.o
 .debug_abbrev  0x00000000       0x26 main_joystick.o
 .debug_aranges
                0x00000000       0x18 main_joystick.o
 .debug_line    0x00000000       0x1a main_joystick.o
 .debug_str     0x00000000      0x177 main_joystick.o
 .comment       0x00000000       0x31 main_joystick.o
 .text          0x00000000        0x0 main_memory.o
 .data          0x00000000        0x0 main_memory.o
 .bss           0x00000000        0x0 main_memory.o
 .debug_info    0x00000000       0x5d main_memory.o
 .debug_abbrev  0x00000000       0x26 main_memory.o
 .debug_aranges
                0x00000000       0x18 main_memory.o
 .debug_line    0x00000000       0x1a main_memory.o
 .debug_str     0x00000000      0x175 main_memory.o
 .comment       0x00000000       0x31 main_memory.o
 .text          0x00000000        0x0 main_motors.o
 .data          0x00000000        0x0 main_motors.o
 .bss           0x00000000        0x0 main_motors.o
 .debug_info    0x00000000       0x5d main_motors.o
 .debug_abbrev  0x00000000       0x26 main_motors.o
 .debug_aranges
                0x00000000       0x18 main_motors.o
 .debug_line    0x00000000       0x1a main_motors.o
 .debug_str     0x00000000      0x175 main_motors.o
 .comment       0x00000000       0x31 main_motors.o
 .text          0x00000000        0x0 main_motors_lab.o
 .data          0x00000000        0x0 main_motors_lab.o
 .bss           0x00000000        0x0 main_motors_lab.o
 .debug_info    0x00000000       0x5d main_motors_lab.o
 .debug_abbrev  0x00000000       0x26 main_motors_lab.o
 .debug_aranges
                0x00000000       0x18 main_motors_lab.o
 .debug_line    0x00000000       0x1a main_motors_lab.o
 .debug_str     0x00000000      0x179 main_motors_lab.o
 .comment       0x00000000       0x31 main_motors_lab.o
 .text          0x00000000        0x0 main_port.o
 .data          0x00000000        0x0 main_port.o
 .bss           0x00000000        0x0 main_port.o
 .debug_info    0x00000000       0x5d main_port.o
 .debug_abbrev  0x00000000       0x26 main_port.o
 .debug_aranges
                0x00000000       0x18 main_port.o
 .debug_line    0x00000000       0x1a main_port.o
 .debug_str     0x00000000      0x173 main_port.o
 .comment       0x00000000       0x31 main_port.o
 .text          0x00000000        0x0 main_serial.o
 .data          0x00000000        0x0 main_serial.o
 .bss           0x00000000        0x0 main_serial.o
 .debug_info    0x00000000       0x5d main_serial.o
 .debug_abbrev  0x00000000       0x26 main_serial.o
 .debug_aranges
                0x00000000       0x18 main_serial.o
 .debug_line    0x00000000       0x1a main_serial.o
 .debug_str     0x00000000      0x175 main_serial.o
 .comment       0x00000000       0x31 main_serial.o
 .text          0x00000000        0x0 main_game_puzzle.o
 .data          0x00000000        0x0 main_game_puzzle.o
 .bss           0x00000000        0x0 main_game_puzzle.o
 .debug_info    0x00000000       0x5d main_game_puzzle.o
 .debug_abbrev  0x00000000       0x26 main_game_puzzle.o
 .debug_aranges
                0x00000000       0x18 main_game_puzzle.o
 .debug_line    0x00000000       0x1a main_game_puzzle.o
 .debug_str     0x00000000      0x17a main_game_puzzle.o
 .comment       0x00000000       0x31 main_game_puzzle.o
 .text          0x00000000        0x0 main_timer.o
 .data          0x00000000        0x0 main_timer.o
 .bss           0x00000000        0x0 main_timer.o
 .debug_info    0x00000000       0x5d main_timer.o
 .debug_abbrev  0x00000000       0x26 main_timer.o
 .debug_aranges
                0x00000000       0x18 main_timer.o
 .debug_line    0x00000000       0x1a main_timer.o
 .debug_str     0x00000000      0x174 main_timer.o
 .comment       0x00000000       0x31 main_timer.o
 .text          0x00000000        0x0 _adc.o
 .data          0x00000000        0x0 _adc.o
 .bss           0x00000000        0x0 _adc.o
 .text.Read_Adc_Data
                0x00000000       0x20 _adc.o
 .text          0x00000000        0x0 _buzzer.o
 .data          0x00000000        0x0 _buzzer.o
 .bss           0x00000000        0x0 _buzzer.o
 .text.delay_us_Melody
                0x00000000       0x1e _buzzer.o
 .text.Sound    0x00000000       0x80 _buzzer.o
 .text.S_Good   0x00000000       0x7e _buzzer.o
 .text.SError   0x00000000       0x40 _buzzer.o
 .text.S_Push1  0x00000000       0x7e _buzzer.o
 .text.S_Start  0x00000000      0x1f2 _buzzer.o
 .text.S_S1     0x00000000       0xfa _buzzer.o
 .text.S_S2     0x00000000       0x7e _buzzer.o
 .text.S_S3     0x00000000       0x40 _buzzer.o
 .text.S_S4     0x00000000       0xbc _buzzer.o
 .text.S_S5     0x00000000       0x7e _buzzer.o
 .text.S_S6     0x00000000       0x86 _buzzer.o
 .text.S_S7     0x00000000       0x7e _buzzer.o
 .text.S_Star   0x00000000      0x1b4 _buzzer.o
 .debug_info    0x00000000     0x2585 _buzzer.o
 .debug_abbrev  0x00000000      0x187 _buzzer.o
 .debug_loc     0x00000000     0x1ef4 _buzzer.o
 .debug_aranges
                0x00000000       0x88 _buzzer.o
 .debug_ranges  0x00000000       0x90 _buzzer.o
 .debug_line    0x00000000      0x9ea _buzzer.o
 .debug_str     0x00000000      0x22c _buzzer.o
 .comment       0x00000000       0x31 _buzzer.o
 .debug_frame   0x00000000       0xf4 _buzzer.o
 .text          0x00000000        0x0 _eeprom.o
 .data          0x00000000        0x0 _eeprom.o
 .bss           0x00000000        0x0 _eeprom.o
 .text.In_EEPROM_Write
                0x00000000       0x14 _eeprom.o
 .text.In_EEPROM_Read
                0x00000000        0xe _eeprom.o
 .debug_info    0x00000000       0xe3 _eeprom.o
 .debug_abbrev  0x00000000       0x8b _eeprom.o
 .debug_loc     0x00000000       0x24 _eeprom.o
 .debug_aranges
                0x00000000       0x28 _eeprom.o
 .debug_ranges  0x00000000       0x18 _eeprom.o
 .debug_line    0x00000000       0xf4 _eeprom.o
 .debug_str     0x00000000      0x1b1 _eeprom.o
 .comment       0x00000000       0x31 _eeprom.o
 .debug_frame   0x00000000       0x34 _eeprom.o
 .text          0x00000000        0x0 _glcd.o
 .data          0x00000000        0x0 _glcd.o
 .bss           0x00000000        0x0 _glcd.o
 .text.cmndl    0x00000000       0x16 _glcd.o
 .text.cmndr    0x00000000       0x16 _glcd.o
 .text.cmnda    0x00000000       0x16 _glcd.o
 .text.datal    0x00000000       0x16 _glcd.o
 .text.datar    0x00000000       0x16 _glcd.o
 .text.dataa    0x00000000       0x16 _glcd.o
 .text.lcd_xy   0x00000000       0x6a _glcd.o
 .text.GLCD_Axis_xy
                0x00000000       0x48 _glcd.o
 .text.GLCD_Dot
                0x00000000       0xe2 _glcd.o
 .text.ScreenBuffer_clear
                0x00000000       0x1e _glcd.o
 .text.GLCD_Line
                0x00000000      0x150 _glcd.o
 .text.GLCD_Rectangle
                0x00000000       0x42 _glcd.o
 .text.GLCD_1DigitDecimal
                0x00000000       0x36 _glcd.o
 .text.GLCD_2DigitDecimal
                0x00000000       0x56 _glcd.o
 .text.GLCD_3DigitDecimal
                0x00000000      0x112 _glcd.o
 .text.GLCD_4DigitDecimal
                0x00000000      0x1ac _glcd.o
 .text          0x00000000        0x0 _init.o
 .data          0x00000000        0x0 _init.o
 .bss           0x00000000        0x0 _init.o
 .text          0x00000000        0x0 _interrupt.o
 .data          0x00000000        0x0 _interrupt.o
 .bss           0x00000000        0x0 _interrupt.o
 .text          0x00000000        0x0 _port.o
 .data          0x00000000        0x0 _port.o
 .bss           0x00000000        0x0 _port.o
 .text          0x00000000        0x0 _timer2.o
 .data          0x00000000        0x0 _timer2.o
 .bss           0x00000000        0x0 _timer2.o
 .text          0x00000000        0x0 _uart.o
 .data          0x00000000        0x0 _uart.o
 .bss           0x00000000        0x0 _uart.o
 .text.putch_USART1
                0x00000000        0xe _uart.o
 .text.puts_USART1
                0x00000000       0x1e _uart.o
 .text.USART1_putchdecu
                0x00000000      0x198 _uart.o
 .text.USART1_putchuchar
                0x00000000       0x84 _uart.o
 .text.H2C      0x00000000       0x2a _uart.o
 .text.USART1_putchdecs
                0x00000000      0x194 _uart.o
 .text.USART1_putchlongs
                0x00000000      0x350 _uart.o
 .text.USART1_puthex
                0x00000000       0x3e _uart.o
 .rodata.str1.1
                0x00000000       0x1c _uart.o
 .text.Serial_Main
                0x00000000       0x74 _uart.o
 .data.TABLE    0x00000000       0x10 _uart.o
 .data.Tap      0x00000000        0x2 _uart.o
 .data.Enter    0x00000000        0x3 _uart.o
 .bss.Uart1_State
                0x00000000        0x1 _uart.o
 .bss.InputSerialData
                0x00000000        0x1 _uart.o
 .bss.command   0x00000000        0x1 _uart.o
 .text          0x00000000        0x0 e:/tools/microchip_studio/7.0/toolchain/avr8/avr8-gnu-toolchain/bin/../lib/gcc/avr/5.4.0/../../../../avr/lib/avr51\libm.a(addsf3.o)
 .data          0x00000000        0x0 e:/tools/microchip_studio/7.0/toolchain/avr8/avr8-gnu-toolchain/bin/../lib/gcc/avr/5.4.0/../../../../avr/lib/avr51\libm.a(addsf3.o)
 .bss           0x00000000        0x0 e:/tools/microchip_studio/7.0/toolchain/avr8/avr8-gnu-toolchain/bin/../lib/gcc/avr/5.4.0/../../../../avr/lib/avr51\libm.a(addsf3.o)
 .text          0x00000000        0x0 e:/tools/microchip_studio/7.0/toolchain/avr8/avr8-gnu-toolchain/bin/../lib/gcc/avr/5.4.0/../../../../avr/lib/avr51\libm.a(addsf3x.o)
 .data          0x00000000        0x0 e:/tools/microchip_studio/7.0/toolchain/avr8/avr8-gnu-toolchain/bin/../lib/gcc/avr/5.4.0/../../../../avr/lib/avr51\libm.a(addsf3x.o)
 .bss           0x00000000        0x0 e:/tools/microchip_studio/7.0/toolchain/avr8/avr8-gnu-toolchain/bin/../lib/gcc/avr/5.4.0/../../../../avr/lib/avr51\libm.a(addsf3x.o)
 .text          0x00000000        0x0 e:/tools/microchip_studio/7.0/toolchain/avr8/avr8-gnu-toolchain/bin/../lib/gcc/avr/5.4.0/../../../../avr/lib/avr51\libm.a(divsf3.o)
 .data          0x00000000        0x0 e:/tools/microchip_studio/7.0/toolchain/avr8/avr8-gnu-toolchain/bin/../lib/gcc/avr/5.4.0/../../../../avr/lib/avr51\libm.a(divsf3.o)
 .bss           0x00000000        0x0 e:/tools/microchip_studio/7.0/toolchain/avr8/avr8-gnu-toolchain/bin/../lib/gcc/avr/5.4.0/../../../../avr/lib/avr51\libm.a(divsf3.o)
 .text          0x00000000        0x0 e:/tools/microchip_studio/7.0/toolchain/avr8/avr8-gnu-toolchain/bin/../lib/gcc/avr/5.4.0/../../../../avr/lib/avr51\libm.a(divsf3x.o)
 .data          0x00000000        0x0 e:/tools/microchip_studio/7.0/toolchain/avr8/avr8-gnu-toolchain/bin/../lib/gcc/avr/5.4.0/../../../../avr/lib/avr51\libm.a(divsf3x.o)
 .bss           0x00000000        0x0 e:/tools/microchip_studio/7.0/toolchain/avr8/avr8-gnu-toolchain/bin/../lib/gcc/avr/5.4.0/../../../../avr/lib/avr51\libm.a(divsf3x.o)
 .text          0x00000000        0x0 e:/tools/microchip_studio/7.0/toolchain/avr8/avr8-gnu-toolchain/bin/../lib/gcc/avr/5.4.0/../../../../avr/lib/avr51\libm.a(fixsfsi.o)
 .data          0x00000000        0x0 e:/tools/microchip_studio/7.0/toolchain/avr8/avr8-gnu-toolchain/bin/../lib/gcc/avr/5.4.0/../../../../avr/lib/avr51\libm.a(fixsfsi.o)
 .bss           0x00000000        0x0 e:/tools/microchip_studio/7.0/toolchain/avr8/avr8-gnu-toolchain/bin/../lib/gcc/avr/5.4.0/../../../../avr/lib/avr51\libm.a(fixsfsi.o)
 .text          0x00000000        0x0 e:/tools/microchip_studio/7.0/toolchain/avr8/avr8-gnu-toolchain/bin/../lib/gcc/avr/5.4.0/../../../../avr/lib/avr51\libm.a(fixunssfsi.o)
 .data          0x00000000        0x0 e:/tools/microchip_studio/7.0/toolchain/avr8/avr8-gnu-toolchain/bin/../lib/gcc/avr/5.4.0/../../../../avr/lib/avr51\libm.a(fixunssfsi.o)
 .bss           0x00000000        0x0 e:/tools/microchip_studio/7.0/toolchain/avr8/avr8-gnu-toolchain/bin/../lib/gcc/avr/5.4.0/../../../../avr/lib/avr51\libm.a(fixunssfsi.o)
 .text          0x00000000        0x0 e:/tools/microchip_studio/7.0/toolchain/avr8/avr8-gnu-toolchain/bin/../lib/gcc/avr/5.4.0/../../../../avr/lib/avr51\libm.a(floatsisf.o)
 .data          0x00000000        0x0 e:/tools/microchip_studio/7.0/toolchain/avr8/avr8-gnu-toolchain/bin/../lib/gcc/avr/5.4.0/../../../../avr/lib/avr51\libm.a(floatsisf.o)
 .bss           0x00000000        0x0 e:/tools/microchip_studio/7.0/toolchain/avr8/avr8-gnu-toolchain/bin/../lib/gcc/avr/5.4.0/../../../../avr/lib/avr51\libm.a(floatsisf.o)
 .text          0x00000000        0x0 e:/tools/microchip_studio/7.0/toolchain/avr8/avr8-gnu-toolchain/bin/../lib/gcc/avr/5.4.0/../../../../avr/lib/avr51\libm.a(fp_inf.o)
 .data          0x00000000        0x0 e:/tools/microchip_studio/7.0/toolchain/avr8/avr8-gnu-toolchain/bin/../lib/gcc/avr/5.4.0/../../../../avr/lib/avr51\libm.a(fp_inf.o)
 .bss           0x00000000        0x0 e:/tools/microchip_studio/7.0/toolchain/avr8/avr8-gnu-toolchain/bin/../lib/gcc/avr/5.4.0/../../../../avr/lib/avr51\libm.a(fp_inf.o)
 .text          0x00000000        0x0 e:/tools/microchip_studio/7.0/toolchain/avr8/avr8-gnu-toolchain/bin/../lib/gcc/avr/5.4.0/../../../../avr/lib/avr51\libm.a(fp_nan.o)
 .data          0x00000000        0x0 e:/tools/microchip_studio/7.0/toolchain/avr8/avr8-gnu-toolchain/bin/../lib/gcc/avr/5.4.0/../../../../avr/lib/avr51\libm.a(fp_nan.o)
 .bss           0x00000000        0x0 e:/tools/microchip_studio/7.0/toolchain/avr8/avr8-gnu-toolchain/bin/../lib/gcc/avr/5.4.0/../../../../avr/lib/avr51\libm.a(fp_nan.o)
 .text          0x00000000        0x0 e:/tools/microchip_studio/7.0/toolchain/avr8/avr8-gnu-toolchain/bin/../lib/gcc/avr/5.4.0/../../../../avr/lib/avr51\libm.a(fp_pscA.o)
 .data          0x00000000        0x0 e:/tools/microchip_studio/7.0/toolchain/avr8/avr8-gnu-toolchain/bin/../lib/gcc/avr/5.4.0/../../../../avr/lib/avr51\libm.a(fp_pscA.o)
 .bss           0x00000000        0x0 e:/tools/microchip_studio/7.0/toolchain/avr8/avr8-gnu-toolchain/bin/../lib/gcc/avr/5.4.0/../../../../avr/lib/avr51\libm.a(fp_pscA.o)
 .text          0x00000000        0x0 e:/tools/microchip_studio/7.0/toolchain/avr8/avr8-gnu-toolchain/bin/../lib/gcc/avr/5.4.0/../../../../avr/lib/avr51\libm.a(fp_pscB.o)
 .data          0x00000000        0x0 e:/tools/microchip_studio/7.0/toolchain/avr8/avr8-gnu-toolchain/bin/../lib/gcc/avr/5.4.0/../../../../avr/lib/avr51\libm.a(fp_pscB.o)
 .bss           0x00000000        0x0 e:/tools/microchip_studio/7.0/toolchain/avr8/avr8-gnu-toolchain/bin/../lib/gcc/avr/5.4.0/../../../../avr/lib/avr51\libm.a(fp_pscB.o)
 .text          0x00000000        0x0 e:/tools/microchip_studio/7.0/toolchain/avr8/avr8-gnu-toolchain/bin/../lib/gcc/avr/5.4.0/../../../../avr/lib/avr51\libm.a(fp_round.o)
 .data          0x00000000        0x0 e:/tools/microchip_studio/7.0/toolchain/avr8/avr8-gnu-toolchain/bin/../lib/gcc/avr/5.4.0/../../../../avr/lib/avr51\libm.a(fp_round.o)
 .bss           0x00000000        0x0 e:/tools/microchip_studio/7.0/toolchain/avr8/avr8-gnu-toolchain/bin/../lib/gcc/avr/5.4.0/../../../../avr/lib/avr51\libm.a(fp_round.o)
 .text          0x00000000        0x0 e:/tools/microchip_studio/7.0/toolchain/avr8/avr8-gnu-toolchain/bin/../lib/gcc/avr/5.4.0/../../../../avr/lib/avr51\libm.a(fp_split3.o)
 .data          0x00000000        0x0 e:/tools/microchip_studio/7.0/toolchain/avr8/avr8-gnu-toolchain/bin/../lib/gcc/avr/5.4.0/../../../../avr/lib/avr51\libm.a(fp_split3.o)
 .bss           0x00000000        0x0 e:/tools/microchip_studio/7.0/toolchain/avr8/avr8-gnu-toolchain/bin/../lib/gcc/avr/5.4.0/../../../../avr/lib/avr51\libm.a(fp_split3.o)
 .text          0x00000000        0x0 e:/tools/microchip_studio/7.0/toolchain/avr8/avr8-gnu-toolchain/bin/../lib/gcc/avr/5.4.0/../../../../avr/lib/avr51\libm.a(fp_zero.o)
 .data          0x00000000        0x0 e:/tools/microchip_studio/7.0/toolchain/avr8/avr8-gnu-toolchain/bin/../lib/gcc/avr/5.4.0/../../../../avr/lib/avr51\libm.a(fp_zero.o)
 .bss           0x00000000        0x0 e:/tools/microchip_studio/7.0/toolchain/avr8/avr8-gnu-toolchain/bin/../lib/gcc/avr/5.4.0/../../../../avr/lib/avr51\libm.a(fp_zero.o)
 .text          0x00000000        0x0 e:/tools/microchip_studio/7.0/toolchain/avr8/avr8-gnu-toolchain/bin/../lib/gcc/avr/5.4.0/../../../../avr/lib/avr51\libm.a(mulsf3.o)
 .data          0x00000000        0x0 e:/tools/microchip_studio/7.0/toolchain/avr8/avr8-gnu-toolchain/bin/../lib/gcc/avr/5.4.0/../../../../avr/lib/avr51\libm.a(mulsf3.o)
 .bss           0x00000000        0x0 e:/tools/microchip_studio/7.0/toolchain/avr8/avr8-gnu-toolchain/bin/../lib/gcc/avr/5.4.0/../../../../avr/lib/avr51\libm.a(mulsf3.o)
 .text          0x00000000        0x0 e:/tools/microchip_studio/7.0/toolchain/avr8/avr8-gnu-toolchain/bin/../lib/gcc/avr/5.4.0/../../../../avr/lib/avr51\libm.a(mulsf3x.o)
 .data          0x00000000        0x0 e:/tools/microchip_studio/7.0/toolchain/avr8/avr8-gnu-toolchain/bin/../lib/gcc/avr/5.4.0/../../../../avr/lib/avr51\libm.a(mulsf3x.o)
 .bss           0x00000000        0x0 e:/tools/microchip_studio/7.0/toolchain/avr8/avr8-gnu-toolchain/bin/../lib/gcc/avr/5.4.0/../../../../avr/lib/avr51\libm.a(mulsf3x.o)
 .text          0x00000000        0x0 e:/tools/microchip_studio/7.0/toolchain/avr8/avr8-gnu-toolchain/bin/../lib/gcc/avr/5.4.0/../../../../avr/lib/avr51\libm.a(sin.o)
 .data          0x00000000        0x0 e:/tools/microchip_studio/7.0/toolchain/avr8/avr8-gnu-toolchain/bin/../lib/gcc/avr/5.4.0/../../../../avr/lib/avr51\libm.a(sin.o)
 .bss           0x00000000        0x0 e:/tools/microchip_studio/7.0/toolchain/avr8/avr8-gnu-toolchain/bin/../lib/gcc/avr/5.4.0/../../../../avr/lib/avr51\libm.a(sin.o)
 .text          0x00000000        0x0 e:/tools/microchip_studio/7.0/toolchain/avr8/avr8-gnu-toolchain/bin/../lib/gcc/avr/5.4.0/../../../../avr/lib/avr51\libm.a(sqrt.o)
 .data          0x00000000        0x0 e:/tools/microchip_studio/7.0/toolchain/avr8/avr8-gnu-toolchain/bin/../lib/gcc/avr/5.4.0/../../../../avr/lib/avr51\libm.a(sqrt.o)
 .bss           0x00000000        0x0 e:/tools/microchip_studio/7.0/toolchain/avr8/avr8-gnu-toolchain/bin/../lib/gcc/avr/5.4.0/../../../../avr/lib/avr51\libm.a(sqrt.o)
 .text          0x00000000        0x0 e:/tools/microchip_studio/7.0/toolchain/avr8/avr8-gnu-toolchain/bin/../lib/gcc/avr/5.4.0/../../../../avr/lib/avr51\libm.a(fp_mpack.o)
 .data          0x00000000        0x0 e:/tools/microchip_studio/7.0/toolchain/avr8/avr8-gnu-toolchain/bin/../lib/gcc/avr/5.4.0/../../../../avr/lib/avr51\libm.a(fp_mpack.o)
 .bss           0x00000000        0x0 e:/tools/microchip_studio/7.0/toolchain/avr8/avr8-gnu-toolchain/bin/../lib/gcc/avr/5.4.0/../../../../avr/lib/avr51\libm.a(fp_mpack.o)
 .text          0x00000000        0x0 e:/tools/microchip_studio/7.0/toolchain/avr8/avr8-gnu-toolchain/bin/../lib/gcc/avr/5.4.0/../../../../avr/lib/avr51\libm.a(fp_norm2.o)
 .data          0x00000000        0x0 e:/tools/microchip_studio/7.0/toolchain/avr8/avr8-gnu-toolchain/bin/../lib/gcc/avr/5.4.0/../../../../avr/lib/avr51\libm.a(fp_norm2.o)
 .bss           0x00000000        0x0 e:/tools/microchip_studio/7.0/toolchain/avr8/avr8-gnu-toolchain/bin/../lib/gcc/avr/5.4.0/../../../../avr/lib/avr51\libm.a(fp_norm2.o)
 .text          0x00000000        0x0 e:/tools/microchip_studio/7.0/toolchain/avr8/avr8-gnu-toolchain/bin/../lib/gcc/avr/5.4.0/../../../../avr/lib/avr51\libm.a(fp_rempio2.o)
 .data          0x00000000        0x0 e:/tools/microchip_studio/7.0/toolchain/avr8/avr8-gnu-toolchain/bin/../lib/gcc/avr/5.4.0/../../../../avr/lib/avr51\libm.a(fp_rempio2.o)
 .bss           0x00000000        0x0 e:/tools/microchip_studio/7.0/toolchain/avr8/avr8-gnu-toolchain/bin/../lib/gcc/avr/5.4.0/../../../../avr/lib/avr51\libm.a(fp_rempio2.o)
 .text          0x00000000        0x0 e:/tools/microchip_studio/7.0/toolchain/avr8/avr8-gnu-toolchain/bin/../lib/gcc/avr/5.4.0/../../../../avr/lib/avr51\libm.a(fp_sinus.o)
 .data          0x00000000        0x0 e:/tools/microchip_studio/7.0/toolchain/avr8/avr8-gnu-toolchain/bin/../lib/gcc/avr/5.4.0/../../../../avr/lib/avr51\libm.a(fp_sinus.o)
 .bss           0x00000000        0x0 e:/tools/microchip_studio/7.0/toolchain/avr8/avr8-gnu-toolchain/bin/../lib/gcc/avr/5.4.0/../../../../avr/lib/avr51\libm.a(fp_sinus.o)
 .text          0x00000000        0x0 e:/tools/microchip_studio/7.0/toolchain/avr8/avr8-gnu-toolchain/bin/../lib/gcc/avr/5.4.0/../../../../avr/lib/avr51\libm.a(fp_powsodd.o)
 .data          0x00000000        0x0 e:/tools/microchip_studio/7.0/toolchain/avr8/avr8-gnu-toolchain/bin/../lib/gcc/avr/5.4.0/../../../../avr/lib/avr51\libm.a(fp_powsodd.o)
 .bss           0x00000000        0x0 e:/tools/microchip_studio/7.0/toolchain/avr8/avr8-gnu-toolchain/bin/../lib/gcc/avr/5.4.0/../../../../avr/lib/avr51\libm.a(fp_powsodd.o)
 .text          0x00000000        0x0 e:/tools/microchip_studio/7.0/toolchain/avr8/avr8-gnu-toolchain/bin/../lib/gcc/avr/5.4.0/../../../../avr/lib/avr51\libm.a(fp_powser.o)
 .data          0x00000000        0x0 e:/tools/microchip_studio/7.0/toolchain/avr8/avr8-gnu-toolchain/bin/../lib/gcc/avr/5.4.0/../../../../avr/lib/avr51\libm.a(fp_powser.o)
 .bss           0x00000000        0x0 e:/tools/microchip_studio/7.0/toolchain/avr8/avr8-gnu-toolchain/bin/../lib/gcc/avr/5.4.0/../../../../avr/lib/avr51\libm.a(fp_powser.o)
 .text          0x00000000        0x0 e:/tools/microchip_studio/7.0/toolchain/avr8/avr8-gnu-toolchain/bin/../lib/gcc/avr/5.4.0/avr51\libgcc.a(_udivmodhi4.o)
 .data          0x00000000        0x0 e:/tools/microchip_studio/7.0/toolchain/avr8/avr8-gnu-toolchain/bin/../lib/gcc/avr/5.4.0/avr51\libgcc.a(_udivmodhi4.o)
 .bss           0x00000000        0x0 e:/tools/microchip_studio/7.0/toolchain/avr8/avr8-gnu-toolchain/bin/../lib/gcc/avr/5.4.0/avr51\libgcc.a(_udivmodhi4.o)
 .text.libgcc.mul
                0x00000000        0x0 e:/tools/microchip_studio/7.0/toolchain/avr8/avr8-gnu-toolchain/bin/../lib/gcc/avr/5.4.0/avr51\libgcc.a(_udivmodhi4.o)
 .text.libgcc   0x00000000        0x0 e:/tools/microchip_studio/7.0/toolchain/avr8/avr8-gnu-toolchain/bin/../lib/gcc/avr/5.4.0/avr51\libgcc.a(_udivmodhi4.o)
 .text.libgcc.prologue
                0x00000000        0x0 e:/tools/microchip_studio/7.0/toolchain/avr8/avr8-gnu-toolchain/bin/../lib/gcc/avr/5.4.0/avr51\libgcc.a(_udivmodhi4.o)
 .text.libgcc.builtins
                0x00000000        0x0 e:/tools/microchip_studio/7.0/toolchain/avr8/avr8-gnu-toolchain/bin/../lib/gcc/avr/5.4.0/avr51\libgcc.a(_udivmodhi4.o)
 .text.libgcc.fmul
                0x00000000        0x0 e:/tools/microchip_studio/7.0/toolchain/avr8/avr8-gnu-toolchain/bin/../lib/gcc/avr/5.4.0/avr51\libgcc.a(_udivmodhi4.o)
 .text.libgcc.fixed
                0x00000000        0x0 e:/tools/microchip_studio/7.0/toolchain/avr8/avr8-gnu-toolchain/bin/../lib/gcc/avr/5.4.0/avr51\libgcc.a(_udivmodhi4.o)
 .text          0x00000000        0x0 e:/tools/microchip_studio/7.0/toolchain/avr8/avr8-gnu-toolchain/bin/../lib/gcc/avr/5.4.0/avr51\libgcc.a(_divmodhi4.o)
 .data          0x00000000        0x0 e:/tools/microchip_studio/7.0/toolchain/avr8/avr8-gnu-toolchain/bin/../lib/gcc/avr/5.4.0/avr51\libgcc.a(_divmodhi4.o)
 .bss           0x00000000        0x0 e:/tools/microchip_studio/7.0/toolchain/avr8/avr8-gnu-toolchain/bin/../lib/gcc/avr/5.4.0/avr51\libgcc.a(_divmodhi4.o)
 .text.libgcc.mul
                0x00000000        0x0 e:/tools/microchip_studio/7.0/toolchain/avr8/avr8-gnu-toolchain/bin/../lib/gcc/avr/5.4.0/avr51\libgcc.a(_divmodhi4.o)
 .text.libgcc   0x00000000        0x0 e:/tools/microchip_studio/7.0/toolchain/avr8/avr8-gnu-toolchain/bin/../lib/gcc/avr/5.4.0/avr51\libgcc.a(_divmodhi4.o)
 .text.libgcc.prologue
                0x00000000        0x0 e:/tools/microchip_studio/7.0/toolchain/avr8/avr8-gnu-toolchain/bin/../lib/gcc/avr/5.4.0/avr51\libgcc.a(_divmodhi4.o)
 .text.libgcc.builtins
                0x00000000        0x0 e:/tools/microchip_studio/7.0/toolchain/avr8/avr8-gnu-toolchain/bin/../lib/gcc/avr/5.4.0/avr51\libgcc.a(_divmodhi4.o)
 .text.libgcc.fmul
                0x00000000        0x0 e:/tools/microchip_studio/7.0/toolchain/avr8/avr8-gnu-toolchain/bin/../lib/gcc/avr/5.4.0/avr51\libgcc.a(_divmodhi4.o)
 .text.libgcc.fixed
                0x00000000        0x0 e:/tools/microchip_studio/7.0/toolchain/avr8/avr8-gnu-toolchain/bin/../lib/gcc/avr/5.4.0/avr51\libgcc.a(_divmodhi4.o)
 .text          0x00000000        0x0 e:/tools/microchip_studio/7.0/toolchain/avr8/avr8-gnu-toolchain/bin/../lib/gcc/avr/5.4.0/avr51\libgcc.a(_divmodsi4.o)
 .data          0x00000000        0x0 e:/tools/microchip_studio/7.0/toolchain/avr8/avr8-gnu-toolchain/bin/../lib/gcc/avr/5.4.0/avr51\libgcc.a(_divmodsi4.o)
 .bss           0x00000000        0x0 e:/tools/microchip_studio/7.0/toolchain/avr8/avr8-gnu-toolchain/bin/../lib/gcc/avr/5.4.0/avr51\libgcc.a(_divmodsi4.o)
 .text.libgcc.mul
                0x00000000        0x0 e:/tools/microchip_studio/7.0/toolchain/avr8/avr8-gnu-toolchain/bin/../lib/gcc/avr/5.4.0/avr51\libgcc.a(_divmodsi4.o)
 .text.libgcc.div
                0x00000000       0x2e e:/tools/microchip_studio/7.0/toolchain/avr8/avr8-gnu-toolchain/bin/../lib/gcc/avr/5.4.0/avr51\libgcc.a(_divmodsi4.o)
 .text.libgcc   0x00000000        0x0 e:/tools/microchip_studio/7.0/toolchain/avr8/avr8-gnu-toolchain/bin/../lib/gcc/avr/5.4.0/avr51\libgcc.a(_divmodsi4.o)
 .text.libgcc.prologue
                0x00000000        0x0 e:/tools/microchip_studio/7.0/toolchain/avr8/avr8-gnu-toolchain/bin/../lib/gcc/avr/5.4.0/avr51\libgcc.a(_divmodsi4.o)
 .text.libgcc.builtins
                0x00000000        0x0 e:/tools/microchip_studio/7.0/toolchain/avr8/avr8-gnu-toolchain/bin/../lib/gcc/avr/5.4.0/avr51\libgcc.a(_divmodsi4.o)
 .text.libgcc.fmul
                0x00000000        0x0 e:/tools/microchip_studio/7.0/toolchain/avr8/avr8-gnu-toolchain/bin/../lib/gcc/avr/5.4.0/avr51\libgcc.a(_divmodsi4.o)
 .text.libgcc.fixed
                0x00000000        0x0 e:/tools/microchip_studio/7.0/toolchain/avr8/avr8-gnu-toolchain/bin/../lib/gcc/avr/5.4.0/avr51\libgcc.a(_divmodsi4.o)
 .text          0x00000000        0x0 e:/tools/microchip_studio/7.0/toolchain/avr8/avr8-gnu-toolchain/bin/../lib/gcc/avr/5.4.0/avr51\libgcc.a(_negsi2.o)
 .data          0x00000000        0x0 e:/tools/microchip_studio/7.0/toolchain/avr8/avr8-gnu-toolchain/bin/../lib/gcc/avr/5.4.0/avr51\libgcc.a(_negsi2.o)
 .bss           0x00000000        0x0 e:/tools/microchip_studio/7.0/toolchain/avr8/avr8-gnu-toolchain/bin/../lib/gcc/avr/5.4.0/avr51\libgcc.a(_negsi2.o)
 .text.libgcc.mul
                0x00000000        0x0 e:/tools/microchip_studio/7.0/toolchain/avr8/avr8-gnu-toolchain/bin/../lib/gcc/avr/5.4.0/avr51\libgcc.a(_negsi2.o)
 .text.libgcc.div
                0x00000000       0x10 e:/tools/microchip_studio/7.0/toolchain/avr8/avr8-gnu-toolchain/bin/../lib/gcc/avr/5.4.0/avr51\libgcc.a(_negsi2.o)
 .text.libgcc   0x00000000        0x0 e:/tools/microchip_studio/7.0/toolchain/avr8/avr8-gnu-toolchain/bin/../lib/gcc/avr/5.4.0/avr51\libgcc.a(_negsi2.o)
 .text.libgcc.prologue
                0x00000000        0x0 e:/tools/microchip_studio/7.0/toolchain/avr8/avr8-gnu-toolchain/bin/../lib/gcc/avr/5.4.0/avr51\libgcc.a(_negsi2.o)
 .text.libgcc.builtins
                0x00000000        0x0 e:/tools/microchip_studio/7.0/toolchain/avr8/avr8-gnu-toolchain/bin/../lib/gcc/avr/5.4.0/avr51\libgcc.a(_negsi2.o)
 .text.libgcc.fmul
                0x00000000        0x0 e:/tools/microchip_studio/7.0/toolchain/avr8/avr8-gnu-toolchain/bin/../lib/gcc/avr/5.4.0/avr51\libgcc.a(_negsi2.o)
 .text.libgcc.fixed
                0x00000000        0x0 e:/tools/microchip_studio/7.0/toolchain/avr8/avr8-gnu-toolchain/bin/../lib/gcc/avr/5.4.0/avr51\libgcc.a(_negsi2.o)
 .text          0x00000000        0x0 e:/tools/microchip_studio/7.0/toolchain/avr8/avr8-gnu-toolchain/bin/../lib/gcc/avr/5.4.0/avr51\libgcc.a(_exit.o)
 .data          0x00000000        0x0 e:/tools/microchip_studio/7.0/toolchain/avr8/avr8-gnu-toolchain/bin/../lib/gcc/avr/5.4.0/avr51\libgcc.a(_exit.o)
 .bss           0x00000000        0x0 e:/tools/microchip_studio/7.0/toolchain/avr8/avr8-gnu-toolchain/bin/../lib/gcc/avr/5.4.0/avr51\libgcc.a(_exit.o)
 .text.libgcc.mul
                0x00000000        0x0 e:/tools/microchip_studio/7.0/toolchain/avr8/avr8-gnu-toolchain/bin/../lib/gcc/avr/5.4.0/avr51\libgcc.a(_exit.o)
 .text.libgcc.div
                0x00000000        0x0 e:/tools/microchip_studio/7.0/toolchain/avr8/avr8-gnu-toolchain/bin/../lib/gcc/avr/5.4.0/avr51\libgcc.a(_exit.o)
 .text.libgcc   0x00000000        0x0 e:/tools/microchip_studio/7.0/toolchain/avr8/avr8-gnu-toolchain/bin/../lib/gcc/avr/5.4.0/avr51\libgcc.a(_exit.o)
 .text.libgcc.prologue
                0x00000000        0x0 e:/tools/microchip_studio/7.0/toolchain/avr8/avr8-gnu-toolchain/bin/../lib/gcc/avr/5.4.0/avr51\libgcc.a(_exit.o)
 .text.libgcc.builtins
                0x00000000        0x0 e:/tools/microchip_studio/7.0/toolchain/avr8/avr8-gnu-toolchain/bin/../lib/gcc/avr/5.4.0/avr51\libgcc.a(_exit.o)
 .text.libgcc.fmul
                0x00000000        0x0 e:/tools/microchip_studio/7.0/toolchain/avr8/avr8-gnu-toolchain/bin/../lib/gcc/avr/5.4.0/avr51\libgcc.a(_exit.o)
 .text.libgcc.fixed
                0x00000000        0x0 e:/tools/microchip_studio/7.0/toolchain/avr8/avr8-gnu-toolchain/bin/../lib/gcc/avr/5.4.0/avr51\libgcc.a(_exit.o)
 .text          0x00000000        0x0 e:/tools/microchip_studio/7.0/toolchain/avr8/avr8-gnu-toolchain/bin/../lib/gcc/avr/5.4.0/avr51\libgcc.a(_copy_data.o)
 .data          0x00000000        0x0 e:/tools/microchip_studio/7.0/toolchain/avr8/avr8-gnu-toolchain/bin/../lib/gcc/avr/5.4.0/avr51\libgcc.a(_copy_data.o)
 .bss           0x00000000        0x0 e:/tools/microchip_studio/7.0/toolchain/avr8/avr8-gnu-toolchain/bin/../lib/gcc/avr/5.4.0/avr51\libgcc.a(_copy_data.o)
 .text.libgcc.mul
                0x00000000        0x0 e:/tools/microchip_studio/7.0/toolchain/avr8/avr8-gnu-toolchain/bin/../lib/gcc/avr/5.4.0/avr51\libgcc.a(_copy_data.o)
 .text.libgcc.div
                0x00000000        0x0 e:/tools/microchip_studio/7.0/toolchain/avr8/avr8-gnu-toolchain/bin/../lib/gcc/avr/5.4.0/avr51\libgcc.a(_copy_data.o)
 .text.libgcc   0x00000000        0x0 e:/tools/microchip_studio/7.0/toolchain/avr8/avr8-gnu-toolchain/bin/../lib/gcc/avr/5.4.0/avr51\libgcc.a(_copy_data.o)
 .text.libgcc.prologue
                0x00000000        0x0 e:/tools/microchip_studio/7.0/toolchain/avr8/avr8-gnu-toolchain/bin/../lib/gcc/avr/5.4.0/avr51\libgcc.a(_copy_data.o)
 .text.libgcc.builtins
                0x00000000        0x0 e:/tools/microchip_studio/7.0/toolchain/avr8/avr8-gnu-toolchain/bin/../lib/gcc/avr/5.4.0/avr51\libgcc.a(_copy_data.o)
 .text.libgcc.fmul
                0x00000000        0x0 e:/tools/microchip_studio/7.0/toolchain/avr8/avr8-gnu-toolchain/bin/../lib/gcc/avr/5.4.0/avr51\libgcc.a(_copy_data.o)
 .text.libgcc.fixed
                0x00000000        0x0 e:/tools/microchip_studio/7.0/toolchain/avr8/avr8-gnu-toolchain/bin/../lib/gcc/avr/5.4.0/avr51\libgcc.a(_copy_data.o)
 .text          0x00000000        0x0 e:/tools/microchip_studio/7.0/toolchain/avr8/avr8-gnu-toolchain/bin/../lib/gcc/avr/5.4.0/avr51\libgcc.a(_clear_bss.o)
 .data          0x00000000        0x0 e:/tools/microchip_studio/7.0/toolchain/avr8/avr8-gnu-toolchain/bin/../lib/gcc/avr/5.4.0/avr51\libgcc.a(_clear_bss.o)
 .bss           0x00000000        0x0 e:/tools/microchip_studio/7.0/toolchain/avr8/avr8-gnu-toolchain/bin/../lib/gcc/avr/5.4.0/avr51\libgcc.a(_clear_bss.o)
 .text.libgcc.mul
                0x00000000        0x0 e:/tools/microchip_studio/7.0/toolchain/avr8/avr8-gnu-toolchain/bin/../lib/gcc/avr/5.4.0/avr51\libgcc.a(_clear_bss.o)
 .text.libgcc.div
                0x00000000        0x0 e:/tools/microchip_studio/7.0/toolchain/avr8/avr8-gnu-toolchain/bin/../lib/gcc/avr/5.4.0/avr51\libgcc.a(_clear_bss.o)
 .text.libgcc   0x00000000        0x0 e:/tools/microchip_studio/7.0/toolchain/avr8/avr8-gnu-toolchain/bin/../lib/gcc/avr/5.4.0/avr51\libgcc.a(_clear_bss.o)
 .text.libgcc.prologue
                0x00000000        0x0 e:/tools/microchip_studio/7.0/toolchain/avr8/avr8-gnu-toolchain/bin/../lib/gcc/avr/5.4.0/avr51\libgcc.a(_clear_bss.o)
 .text.libgcc.builtins
                0x00000000        0x0 e:/tools/microchip_studio/7.0/toolchain/avr8/avr8-gnu-toolchain/bin/../lib/gcc/avr/5.4.0/avr51\libgcc.a(_clear_bss.o)
 .text.libgcc.fmul
                0x00000000        0x0 e:/tools/microchip_studio/7.0/toolchain/avr8/avr8-gnu-toolchain/bin/../lib/gcc/avr/5.4.0/avr51\libgcc.a(_clear_bss.o)
 .text.libgcc.fixed
                0x00000000        0x0 e:/tools/microchip_studio/7.0/toolchain/avr8/avr8-gnu-toolchain/bin/../lib/gcc/avr/5.4.0/avr51\libgcc.a(_clear_bss.o)
 .text          0x00000000        0x0 e:/tools/microchip_studio/7.0/toolchain/avr8/avr8-gnu-toolchain/bin/../lib/gcc/avr/5.4.0/avr51\libgcc.a(_umulhisi3.o)
 .data          0x00000000        0x0 e:/tools/microchip_studio/7.0/toolchain/avr8/avr8-gnu-toolchain/bin/../lib/gcc/avr/5.4.0/avr51\libgcc.a(_umulhisi3.o)
 .bss           0x00000000        0x0 e:/tools/microchip_studio/7.0/toolchain/avr8/avr8-gnu-toolchain/bin/../lib/gcc/avr/5.4.0/avr51\libgcc.a(_umulhisi3.o)
 .text.libgcc.div
                0x00000000        0x0 e:/tools/microchip_studio/7.0/toolchain/avr8/avr8-gnu-toolchain/bin/../lib/gcc/avr/5.4.0/avr51\libgcc.a(_umulhisi3.o)
 .text.libgcc   0x00000000        0x0 e:/tools/microchip_studio/7.0/toolchain/avr8/avr8-gnu-toolchain/bin/../lib/gcc/avr/5.4.0/avr51\libgcc.a(_umulhisi3.o)
 .text.libgcc.prologue
                0x00000000        0x0 e:/tools/microchip_studio/7.0/toolchain/avr8/avr8-gnu-toolchain/bin/../lib/gcc/avr/5.4.0/avr51\libgcc.a(_umulhisi3.o)
 .text.libgcc.builtins
                0x00000000        0x0 e:/tools/microchip_studio/7.0/toolchain/avr8/avr8-gnu-toolchain/bin/../lib/gcc/avr/5.4.0/avr51\libgcc.a(_umulhisi3.o)
 .text.libgcc.fmul
                0x00000000        0x0 e:/tools/microchip_studio/7.0/toolchain/avr8/avr8-gnu-toolchain/bin/../lib/gcc/avr/5.4.0/avr51\libgcc.a(_umulhisi3.o)
 .text.libgcc.fixed
                0x00000000        0x0 e:/tools/microchip_studio/7.0/toolchain/avr8/avr8-gnu-toolchain/bin/../lib/gcc/avr/5.4.0/avr51\libgcc.a(_umulhisi3.o)
 .text          0x00000000        0x0 e:/tools/microchip_studio/7.0/toolchain/avr8/avr8-gnu-toolchain/bin/../lib/gcc/avr/5.4.0/avr51\libgcc.a(_udivmodsi4.o)
 .data          0x00000000        0x0 e:/tools/microchip_studio/7.0/toolchain/avr8/avr8-gnu-toolchain/bin/../lib/gcc/avr/5.4.0/avr51\libgcc.a(_udivmodsi4.o)
 .bss           0x00000000        0x0 e:/tools/microchip_studio/7.0/toolchain/avr8/avr8-gnu-toolchain/bin/../lib/gcc/avr/5.4.0/avr51\libgcc.a(_udivmodsi4.o)
 .text.libgcc.mul
                0x00000000        0x0 e:/tools/microchip_studio/7.0/toolchain/avr8/avr8-gnu-toolchain/bin/../lib/gcc/avr/5.4.0/avr51\libgcc.a(_udivmodsi4.o)
 .text.libgcc.div
                0x00000000       0x44 e:/tools/microchip_studio/7.0/toolchain/avr8/avr8-gnu-toolchain/bin/../lib/gcc/avr/5.4.0/avr51\libgcc.a(_udivmodsi4.o)
 .text.libgcc   0x00000000        0x0 e:/tools/microchip_studio/7.0/toolchain/avr8/avr8-gnu-toolchain/bin/../lib/gcc/avr/5.4.0/avr51\libgcc.a(_udivmodsi4.o)
 .text.libgcc.prologue
                0x00000000        0x0 e:/tools/microchip_studio/7.0/toolchain/avr8/avr8-gnu-toolchain/bin/../lib/gcc/avr/5.4.0/avr51\libgcc.a(_udivmodsi4.o)
 .text.libgcc.builtins
                0x00000000        0x0 e:/tools/microchip_studio/7.0/toolchain/avr8/avr8-gnu-toolchain/bin/../lib/gcc/avr/5.4.0/avr51\libgcc.a(_udivmodsi4.o)
 .text.libgcc.fmul
                0x00000000        0x0 e:/tools/microchip_studio/7.0/toolchain/avr8/avr8-gnu-toolchain/bin/../lib/gcc/avr/5.4.0/avr51\libgcc.a(_udivmodsi4.o)
 .text.libgcc.fixed
                0x00000000        0x0 e:/tools/microchip_studio/7.0/toolchain/avr8/avr8-gnu-toolchain/bin/../lib/gcc/avr/5.4.0/avr51\libgcc.a(_udivmodsi4.o)
 .text          0x00000000        0x0 e:/tools/microchip_studio/7.0/toolchain/avr8/avr8-gnu-toolchain/bin/../lib/gcc/avr/5.4.0/../../../../avr/lib/avr51\libc.a(atoi.o)
 .data          0x00000000        0x0 e:/tools/microchip_studio/7.0/toolchain/avr8/avr8-gnu-toolchain/bin/../lib/gcc/avr/5.4.0/../../../../avr/lib/avr51\libc.a(atoi.o)
 .bss           0x00000000        0x0 e:/tools/microchip_studio/7.0/toolchain/avr8/avr8-gnu-toolchain/bin/../lib/gcc/avr/5.4.0/../../../../avr/lib/avr51\libc.a(atoi.o)
 .text          0x00000000        0x0 e:/tools/microchip_studio/7.0/toolchain/avr8/avr8-gnu-toolchain/bin/../lib/gcc/avr/5.4.0/../../../../avr/lib/avr51\libc.a(strcmp.o)
 .data          0x00000000        0x0 e:/tools/microchip_studio/7.0/toolchain/avr8/avr8-gnu-toolchain/bin/../lib/gcc/avr/5.4.0/../../../../avr/lib/avr51\libc.a(strcmp.o)
 .bss           0x00000000        0x0 e:/tools/microchip_studio/7.0/toolchain/avr8/avr8-gnu-toolchain/bin/../lib/gcc/avr/5.4.0/../../../../avr/lib/avr51\libc.a(strcmp.o)
 .text          0x00000000        0x0 e:/tools/microchip_studio/7.0/toolchain/avr8/avr8-gnu-toolchain/bin/../lib/gcc/avr/5.4.0/../../../../avr/lib/avr51\libc.a(strncmp.o)
 .data          0x00000000        0x0 e:/tools/microchip_studio/7.0/toolchain/avr8/avr8-gnu-toolchain/bin/../lib/gcc/avr/5.4.0/../../../../avr/lib/avr51\libc.a(strncmp.o)
 .bss           0x00000000        0x0 e:/tools/microchip_studio/7.0/toolchain/avr8/avr8-gnu-toolchain/bin/../lib/gcc/avr/5.4.0/../../../../avr/lib/avr51\libc.a(strncmp.o)
 .text          0x00000000        0x0 e:/tools/microchip_studio/7.0/toolchain/avr8/avr8-gnu-toolchain/bin/../lib/gcc/avr/5.4.0/../../../../avr/lib/avr51\libc.a(mul10.o)
 .data          0x00000000        0x0 e:/tools/microchip_studio/7.0/toolchain/avr8/avr8-gnu-toolchain/bin/../lib/gcc/avr/5.4.0/../../../../avr/lib/avr51\libc.a(mul10.o)
 .bss           0x00000000        0x0 e:/tools/microchip_studio/7.0/toolchain/avr8/avr8-gnu-toolchain/bin/../lib/gcc/avr/5.4.0/../../../../avr/lib/avr51\libc.a(mul10.o)
 .text          0x00000000        0x0 e:/tools/microchip_studio/7.0/toolchain/avr8/avr8-gnu-toolchain/bin/../lib/gcc/avr/5.4.0/../../../../avr/lib/avr51\libc.a(sprintf.o)
 .data          0x00000000        0x0 e:/tools/microchip_studio/7.0/toolchain/avr8/avr8-gnu-toolchain/bin/../lib/gcc/avr/5.4.0/../../../../avr/lib/avr51\libc.a(sprintf.o)
 .bss           0x00000000        0x0 e:/tools/microchip_studio/7.0/toolchain/avr8/avr8-gnu-toolchain/bin/../lib/gcc/avr/5.4.0/../../../../avr/lib/avr51\libc.a(sprintf.o)
 .text          0x00000000        0x0 e:/tools/microchip_studio/7.0/toolchain/avr8/avr8-gnu-toolchain/bin/../lib/gcc/avr/5.4.0/../../../../avr/lib/avr51\libc.a(vfprintf_std.o)
 .data          0x00000000        0x0 e:/tools/microchip_studio/7.0/toolchain/avr8/avr8-gnu-toolchain/bin/../lib/gcc/avr/5.4.0/../../../../avr/lib/avr51\libc.a(vfprintf_std.o)
 .bss           0x00000000        0x0 e:/tools/microchip_studio/7.0/toolchain/avr8/avr8-gnu-toolchain/bin/../lib/gcc/avr/5.4.0/../../../../avr/lib/avr51\libc.a(vfprintf_std.o)
 .text          0x00000000        0x0 e:/tools/microchip_studio/7.0/toolchain/avr8/avr8-gnu-toolchain/bin/../lib/gcc/avr/5.4.0/../../../../avr/lib/avr51\libc.a(strnlen_P.o)
 .data          0x00000000        0x0 e:/tools/microchip_studio/7.0/toolchain/avr8/avr8-gnu-toolchain/bin/../lib/gcc/avr/5.4.0/../../../../avr/lib/avr51\libc.a(strnlen_P.o)
 .bss           0x00000000        0x0 e:/tools/microchip_studio/7.0/toolchain/avr8/avr8-gnu-toolchain/bin/../lib/gcc/avr/5.4.0/../../../../avr/lib/avr51\libc.a(strnlen_P.o)
 .text          0x00000000        0x0 e:/tools/microchip_studio/7.0/toolchain/avr8/avr8-gnu-toolchain/bin/../lib/gcc/avr/5.4.0/../../../../avr/lib/avr51\libc.a(strnlen.o)
 .data          0x00000000        0x0 e:/tools/microchip_studio/7.0/toolchain/avr8/avr8-gnu-toolchain/bin/../lib/gcc/avr/5.4.0/../../../../avr/lib/avr51\libc.a(strnlen.o)
 .bss           0x00000000        0x0 e:/tools/microchip_studio/7.0/toolchain/avr8/avr8-gnu-toolchain/bin/../lib/gcc/avr/5.4.0/../../../../avr/lib/avr51\libc.a(strnlen.o)
 .text          0x00000000        0x0 e:/tools/microchip_studio/7.0/toolchain/avr8/avr8-gnu-toolchain/bin/../lib/gcc/avr/5.4.0/../../../../avr/lib/avr51\libc.a(fputc.o)
 .data          0x00000000        0x0 e:/tools/microchip_studio/7.0/toolchain/avr8/avr8-gnu-toolchain/bin/../lib/gcc/avr/5.4.0/../../../../avr/lib/avr51\libc.a(fputc.o)
 .bss           0x00000000        0x0 e:/tools/microchip_studio/7.0/toolchain/avr8/avr8-gnu-toolchain/bin/../lib/gcc/avr/5.4.0/../../../../avr/lib/avr51\libc.a(fputc.o)
 .text          0x00000000        0x0 e:/tools/microchip_studio/7.0/toolchain/avr8/avr8-gnu-toolchain/bin/../lib/gcc/avr/5.4.0/../../../../avr/lib/avr51\libc.a(ultoa_invert.o)
 .data          0x00000000        0x0 e:/tools/microchip_studio/7.0/toolchain/avr8/avr8-gnu-toolchain/bin/../lib/gcc/avr/5.4.0/../../../../avr/lib/avr51\libc.a(ultoa_invert.o)
 .bss           0x00000000        0x0 e:/tools/microchip_studio/7.0/toolchain/avr8/avr8-gnu-toolchain/bin/../lib/gcc/avr/5.4.0/../../../../avr/lib/avr51\libc.a(ultoa_invert.o)

Memory Configuration

Name             Origin             Length             Attributes
text             0x00000000         0x00020000         xr
data             0x00800100         0x00001000         rw !x
eeprom           0x00810000         0x00001000         rw !x
fuse             0x00820000         0x00000003         rw !x
lock             0x00830000         0x00000400         rw !x
signature        0x00840000         0x00000400         rw !x
user_signatures  0x00850000         0x00000400         rw !x
*default*        0x00000000         0xffffffff

Linker script and memory map

Address of section .data set to 0x800100
LOAD E:/tools/microchip_studio/7.0/Packs/Atmel/ATmega_DFP/2.0.401/gcc/dev/atmega128/avr51/crtatmega128.o
LOAD Main.o
LOAD main_accelerometer.o
LOAD main_adc.o
LOAD main_blink.o
LOAD main_blink_asm.o
LOAD main_cds.o
LOAD main_game_hangman.o
LOAD main_game_obstacle.o
LOAD main_game_wordpuzzle.o
LOAD main_graphics.o
LOAD main_inline.o
LOAD main_interrupt.o
LOAD main_iot.o
LOAD main_joystick.o
LOAD main_memory.o
LOAD main_motors.o
LOAD main_motors_lab.o
LOAD main_port.o
LOAD main_serial.o
LOAD main_game_puzzle.o
LOAD main_timer.o
LOAD _adc.o
LOAD _buzzer.o
LOAD _eeprom.o
LOAD _glcd.o
LOAD _init.o
LOAD _interrupt.o
LOAD _port.o
LOAD _timer2.o
LOAD _uart.o
START GROUP
LOAD e:/tools/microchip_studio/7.0/toolchain/avr8/avr8-gnu-toolchain/bin/../lib/gcc/avr/5.4.0/../../../../avr/lib/avr51\libm.a
END GROUP
START GROUP
LOAD e:/tools/microchip_studio/7.0/toolchain/avr8/avr8-gnu-toolchain/bin/../lib/gcc/avr/5.4.0/avr51\libgcc.a
LOAD e:/tools/microchip_studio/7.0/toolchain/avr8/avr8-gnu-toolchain/bin/../lib/gcc/avr/5.4.0/../../../../avr/lib/avr51\libm.a
LOAD e:/tools/microchip_studio/7.0/toolchain/avr8/avr8-gnu-toolchain/bin/../lib/gcc/avr/5.4.0/../../../../avr/lib/avr51\libc.a
LOAD E:/tools/microchip_studio/7.0/Packs/Atmel/ATmega_DFP/2.0.401/gcc/dev/atmega128/avr51\libatmega128.a
END GROUP
                0x00000000                __TEXT_REGION_ORIGIN__ = DEFINED (__TEXT_REGION_ORIGIN__)?__TEXT_REGION_ORIGIN__:0x0
                [0x00800100]                __DATA_REGION_ORIGIN__ = DEFINED (__DATA_REGION_ORIGIN__)?__DATA_REGION_ORIGIN__:0x800100
                [0x00020000]                __TEXT_REGION_LENGTH__ = DEFINED (__TEXT_REGION_LENGTH__)?__TEXT_REGION_LENGTH__:0x20000
                [0x00001000]                __DATA_REGION_LENGTH__ = DEFINED (__DATA_REGION_LENGTH__)?__DATA_REGION_LENGTH__:0xff00
                [0x00001000]                __EEPROM_REGION_LENGTH__ = DEFINED (__EEPROM_REGION_LENGTH__)?__EEPROM_REGION_LENGTH__:0x10000
                [0x00000003]                __FUSE_REGION_LENGTH__ = DEFINED (__FUSE_REGION_LENGTH__)?__FUSE_REGION_LENGTH__:0x400
                0x00000400                __LOCK_REGION_LENGTH__ = DEFINED (__LOCK_REGION_LENGTH__)?__LOCK_REGION_LENGTH__:0x400
                0x00000400                __SIGNATURE_REGION_LENGTH__ = DEFINED (__SIGNATURE_REGION_LENGTH__)?__SIGNATURE_REGION_LENGTH__:0x400
                0x00000400                __USER_SIGNATURE_REGION_LENGTH__ = DEFINED (__USER_SIGNATURE_REGION_LENGTH__)?__USER_SIGNATURE_REGION_LENGTH__:0x400

.hash
 *(.hash)

.dynsym
 *(.dynsym)

.dynstr
 *(.dynstr)

.gnu.version
 *(.gnu.version)

.gnu.version_d
 *(.gnu.version_d)

.gnu.version_r
 *(.gnu.version_r)

.rel.init
 *(.rel.init)

.rela.init
 *(.rela.init)

.rel.text
 *(.rel.text)
 *(.rel.text.*)
 *(.rel.gnu.linkonce.t*)

.rela.text
 *(.rela.text)
 *(.rela.text.*)
 *(.rela.gnu.linkonce.t*)

.rel.fini
 *(.rel.fini)

.rela.fini
 *(.rela.fini)

.rel.rodata
 *(.rel.rodata)
 *(.rel.rodata.*)
 *(.rel.gnu.linkonce.r*)

.rela.rodata
 *(.rela.rodata)
 *(.rela.rodata.*)
 *(.rela.gnu.linkonce.r*)

.rel.data
 *(.rel.data)
 *(.rel.data.*)
 *(.rel.gnu.linkonce.d*)

.rela.data
 *(.rela.data)
 *(.rela.data.*)
 *(.rela.gnu.linkonce.d*)

.rel.ctors
 *(.rel.ctors)

.rela.ctors
 *(.rela.ctors)

.rel.dtors
 *(.rel.dtors)

.rela.dtors
 *(.rela.dtors)

.rel.got
 *(.rel.got)

.rela.got
 *(.rela.got)

.rel.bss
 *(.rel.bss)

.rela.bss
 *(.rela.bss)

.rel.plt
 *(.rel.plt)

.rela.plt
 *(.rela.plt)

.text           0x00000000     0x1cf6
 *(.vectors)
 .vectors       0x00000000       0x8c E:/tools/microchip_studio/7.0/Packs/Atmel/ATmega_DFP/2.0.401/gcc/dev/atmega128/avr51/crtatmega128.o
                0x00000000                __vector_default
                0x00000000                __vectors
 *(.vectors)
 *(.progmem.gcc*)
 .progmem.gcc_fplib
                0x0000008c       0x1e e:/tools/microchip_studio/7.0/toolchain/avr8/avr8-gnu-toolchain/bin/../lib/gcc/avr/5.4.0/../../../../avr/lib/avr51\libm.a(fp_sinus.o)
                0x000000aa                . = ALIGN (0x2)
                0x000000aa                __trampolines_start = .
 *(.trampolines)
 .trampolines   0x000000aa        0x0 linker stubs
 *(.trampolines*)
                0x000000aa                __trampolines_end = .
 *libprintf_flt.a:*(.progmem.data)
 *libc.a:*(.progmem.data)
 *(.progmem*)
                0x000000aa                . = ALIGN (0x2)
 *(.jumptables)
 *(.jumptables*)
 *(.lowtext)
 *(.lowtext*)
                0x000000aa                __ctors_start = .
 *(.ctors)
                0x000000aa                __ctors_end = .
                0x000000aa                __dtors_start = .
 *(.dtors)
                0x000000aa                __dtors_end = .
 SORT(*)(.ctors)
 SORT(*)(.dtors)
 *(.init0)
 .init0         0x000000aa        0x0 E:/tools/microchip_studio/7.0/Packs/Atmel/ATmega_DFP/2.0.401/gcc/dev/atmega128/avr51/crtatmega128.o
                0x000000aa                __init
 *(.init0)
 *(.init1)
 *(.init1)
 *(.init2)
 .init2         0x000000aa        0xc E:/tools/microchip_studio/7.0/Packs/Atmel/ATmega_DFP/2.0.401/gcc/dev/atmega128/avr51/crtatmega128.o
 *(.init2)
 *(.init3)
 *(.init3)
 *(.init4)
 .init4         0x000000b6       0x1a e:/tools/microchip_studio/7.0/toolchain/avr8/avr8-gnu-toolchain/bin/../lib/gcc/avr/5.4.0/avr51\libgcc.a(_copy_data.o)
                0x000000b6                __do_copy_data
 .init4         0x000000d0       0x10 e:/tools/microchip_studio/7.0/toolchain/avr8/avr8-gnu-toolchain/bin/../lib/gcc/avr/5.4.0/avr51\libgcc.a(_clear_bss.o)
                0x000000d0                __do_clear_bss
 *(.init4)
 *(.init5)
 *(.init5)
 *(.init6)
 *(.init6)
 *(.init7)
 *(.init7)
 *(.init8)
 *(.init8)
 *(.init9)
 .init9         0x000000e0        0x6 E:/tools/microchip_studio/7.0/Packs/Atmel/ATmega_DFP/2.0.401/gcc/dev/atmega128/avr51/crtatmega128.o
 *(.init9)
 *(.text)
 .text          0x000000e6        0x2 E:/tools/microchip_studio/7.0/Packs/Atmel/ATmega_DFP/2.0.401/gcc/dev/atmega128/avr51/crtatmega128.o
                0x000000e6                __vector_22
                0x000000e6                __vector_28
                0x000000e6                __vector_32
                0x000000e6                __vector_34
                0x000000e6                __vector_24
                0x000000e6                __vector_12
                0x000000e6                __bad_interrupt
                0x000000e6                __vector_6
                0x000000e6                __vector_31
                0x000000e6                __vector_3
                0x000000e6                __vector_23
                0x000000e6                __vector_25
                0x000000e6                __vector_11
                0x000000e6                __vector_13
                0x000000e6                __vector_17
                0x000000e6                __vector_19
                0x000000e6                __vector_7
                0x000000e6                __vector_27
                0x000000e6                __vector_5
                0x000000e6                __vector_33
                0x000000e6                __vector_4
                0x000000e6                __vector_9
                0x000000e6                __vector_15
                0x000000e6                __vector_29
                0x000000e6                __vector_8
                0x000000e6                __vector_26
                0x000000e6                __vector_14
                0x000000e6                __vector_16
                0x000000e6                __vector_18
                0x000000e6                __vector_20
                0x000000e8                . = ALIGN (0x2)
 *(.text.*)
 .text.startup.main
                0x000000e8        0x8 Main.o
                0x000000e8                main
 .text.main_graphics_sine_wave
                0x000000f0       0x80 main_graphics.o
                0x000000f0                main_graphics_sine_wave
 .text.displayMenu
                0x00000170      0x122 main_iot.o
                0x00000170                displayMenu
 .text.processSerialCommand
                0x00000292      0x42a main_iot.o
                0x00000292                processSerialCommand
 .text.__vector_30
                0x000006bc      0x1b0 main_iot.o
                0x000006bc                __vector_30
 .text.__vector_21
                0x0000086c      0x182 main_iot.o
                0x0000086c                __vector_21
 .text.__vector_2
                0x000009ee      0x10a main_iot.o
                0x000009ee                __vector_2
 .text.__vector_1
                0x00000af8       0xd4 main_iot.o
                0x00000af8                __vector_1
 .text.Adc_init
                0x00000bcc        0xe _adc.o
                0x00000bcc                Adc_init
 .text.GLCD_Dot.part.0
                0x00000bda       0xd8 _glcd.o
 .text.lcd_clear
                0x00000cb2       0x4e _glcd.o
                0x00000cb2                lcd_clear
 .text.lcd_init
                0x00000d00       0x5a _glcd.o
                0x00000d00                lcd_init
 .text.lcd_char
                0x00000d5a       0x86 _glcd.o
                0x00000d5a                lcd_char
 .text.lcd_string
                0x00000de0       0xb6 _glcd.o
                0x00000de0                lcd_string
 .text.GLCD_Circle
                0x00000e96      0x17a _glcd.o
                0x00000e96                GLCD_Circle
 .text.init_devices
                0x00001010       0x12 _init.o
                0x00001010                init_devices
 .text.Interrupt_init
                0x00001022        0xe _interrupt.o
                0x00001022                Interrupt_init
 .text.Port_init
                0x00001030       0x1c _port.o
                0x00001030                Port_init
 .text.Timer2_init
                0x0000104c       0x10 _timer2.o
                0x0000104c                Timer2_init
 .text.__vector_10
                0x0000105c       0x5c _timer2.o
                0x0000105c                __vector_10
 .text.Uart1_init
                0x000010b8       0x2a _uart.o
                0x000010b8                Uart1_init
 .text.avr-libc.fplib
                0x000010e2        0xa e:/tools/microchip_studio/7.0/toolchain/avr8/avr8-gnu-toolchain/bin/../lib/gcc/avr/5.4.0/../../../../avr/lib/avr51\libm.a(addsf3.o)
                0x000010e2                __subsf3
                0x000010e4                __addsf3
 .text.avr-libc.fplib
                0x000010ec       0xc0 e:/tools/microchip_studio/7.0/toolchain/avr8/avr8-gnu-toolchain/bin/../lib/gcc/avr/5.4.0/../../../../avr/lib/avr51\libm.a(addsf3x.o)
                0x00001106                __addsf3x
 .text.avr-libc.fplib
                0x000011ac        0x4 e:/tools/microchip_studio/7.0/toolchain/avr8/avr8-gnu-toolchain/bin/../lib/gcc/avr/5.4.0/../../../../avr/lib/avr51\libm.a(divsf3.o)
                0x000011ac                __divsf3
 .text.avr-libc.fplib
                0x000011b0       0xcc e:/tools/microchip_studio/7.0/toolchain/avr8/avr8-gnu-toolchain/bin/../lib/gcc/avr/5.4.0/../../../../avr/lib/avr51\libm.a(divsf3x.o)
                0x000011c6                __divsf3x
                0x000011ca                __divsf3_pse
 .text.avr-libc.fplib
                0x0000127c        0xa e:/tools/microchip_studio/7.0/toolchain/avr8/avr8-gnu-toolchain/bin/../lib/gcc/avr/5.4.0/../../../../avr/lib/avr51\libm.a(fixsfsi.o)
                0x0000127c                __fixsfsi
 .text.avr-libc.fplib
                0x00001286       0x58 e:/tools/microchip_studio/7.0/toolchain/avr8/avr8-gnu-toolchain/bin/../lib/gcc/avr/5.4.0/../../../../avr/lib/avr51\libm.a(fixunssfsi.o)
                0x00001286                __fixunssfsi
 .text.avr-libc.fplib
                0x000012de       0x7a e:/tools/microchip_studio/7.0/toolchain/avr8/avr8-gnu-toolchain/bin/../lib/gcc/avr/5.4.0/../../../../avr/lib/avr51\libm.a(floatsisf.o)
                0x000012de                __floatunsisf
                0x000012e2                __floatsisf
 .text.avr-libc.fplib
                0x00001358        0xc e:/tools/microchip_studio/7.0/toolchain/avr8/avr8-gnu-toolchain/bin/../lib/gcc/avr/5.4.0/../../../../avr/lib/avr51\libm.a(fp_inf.o)
                0x00001358                __fp_inf
 .text.avr-libc.fplib
                0x00001364        0x6 e:/tools/microchip_studio/7.0/toolchain/avr8/avr8-gnu-toolchain/bin/../lib/gcc/avr/5.4.0/../../../../avr/lib/avr51\libm.a(fp_nan.o)
                0x00001364                __fp_nan
 .text.avr-libc.fplib
                0x0000136a        0xe e:/tools/microchip_studio/7.0/toolchain/avr8/avr8-gnu-toolchain/bin/../lib/gcc/avr/5.4.0/../../../../avr/lib/avr51\libm.a(fp_pscA.o)
                0x0000136a                __fp_pscA
 .text.avr-libc.fplib
                0x00001378        0xe e:/tools/microchip_studio/7.0/toolchain/avr8/avr8-gnu-toolchain/bin/../lib/gcc/avr/5.4.0/../../../../avr/lib/avr51\libm.a(fp_pscB.o)
                0x00001378                __fp_pscB
 .text.avr-libc.fplib
                0x00001386       0x22 e:/tools/microchip_studio/7.0/toolchain/avr8/avr8-gnu-toolchain/bin/../lib/gcc/avr/5.4.0/../../../../avr/lib/avr51\libm.a(fp_round.o)
                0x00001386                __fp_round
 .text.avr-libc.fplib
                0x000013a8       0x44 e:/tools/microchip_studio/7.0/toolchain/avr8/avr8-gnu-toolchain/bin/../lib/gcc/avr/5.4.0/../../../../avr/lib/avr51\libm.a(fp_split3.o)
                0x000013a8                __fp_split3
                0x000013b8                __fp_splitA
 .text.avr-libc.fplib
                0x000013ec        0xe e:/tools/microchip_studio/7.0/toolchain/avr8/avr8-gnu-toolchain/bin/../lib/gcc/avr/5.4.0/../../../../avr/lib/avr51\libm.a(fp_zero.o)
                0x000013ec                __fp_zero
                0x000013ee                __fp_szero
 .text.avr-libc.fplib
                0x000013fa        0x4 e:/tools/microchip_studio/7.0/toolchain/avr8/avr8-gnu-toolchain/bin/../lib/gcc/avr/5.4.0/../../../../avr/lib/avr51\libm.a(mulsf3.o)
                0x000013fa                __mulsf3
 .text.avr-libc.fplib
                0x000013fe       0xc2 e:/tools/microchip_studio/7.0/toolchain/avr8/avr8-gnu-toolchain/bin/../lib/gcc/avr/5.4.0/../../../../avr/lib/avr51\libm.a(mulsf3x.o)
                0x00001412                __mulsf3x
                0x00001416                __mulsf3_pse
 .text.avr-libc.fplib
                0x000014c0        0xc e:/tools/microchip_studio/7.0/toolchain/avr8/avr8-gnu-toolchain/bin/../lib/gcc/avr/5.4.0/../../../../avr/lib/avr51\libm.a(sin.o)
                0x000014c0                sin
 .text.avr-libc.fplib
                0x000014cc       0x84 e:/tools/microchip_studio/7.0/toolchain/avr8/avr8-gnu-toolchain/bin/../lib/gcc/avr/5.4.0/../../../../avr/lib/avr51\libm.a(sqrt.o)
                0x000014d4                sqrtf
                0x000014d4                sqrt
 .text.avr-libc.fplib
                0x00001550       0x1c e:/tools/microchip_studio/7.0/toolchain/avr8/avr8-gnu-toolchain/bin/../lib/gcc/avr/5.4.0/../../../../avr/lib/avr51\libm.a(fp_mpack.o)
                0x00001550                __fp_mpack
                0x00001554                __fp_mpack_finite
 .text.avr-libc.fplib
                0x0000156c        0xe e:/tools/microchip_studio/7.0/toolchain/avr8/avr8-gnu-toolchain/bin/../lib/gcc/avr/5.4.0/../../../../avr/lib/avr51\libm.a(fp_norm2.o)
                0x0000156c                __fp_norm2
 .text.avr-libc.fplib
                0x0000157a       0x50 e:/tools/microchip_studio/7.0/toolchain/avr8/avr8-gnu-toolchain/bin/../lib/gcc/avr/5.4.0/../../../../avr/lib/avr51\libm.a(fp_rempio2.o)
                0x0000157c                __fp_rempio2
 .text.avr-libc.fplib
                0x000015ca       0x22 e:/tools/microchip_studio/7.0/toolchain/avr8/avr8-gnu-toolchain/bin/../lib/gcc/avr/5.4.0/../../../../avr/lib/avr51\libm.a(fp_sinus.o)
                0x000015ca                __fp_sinus
 .text.avr-libc.fplib
                0x000015ec       0x22 e:/tools/microchip_studio/7.0/toolchain/avr8/avr8-gnu-toolchain/bin/../lib/gcc/avr/5.4.0/../../../../avr/lib/avr51\libm.a(fp_powsodd.o)
                0x000015ec                __fp_powsodd
 .text.avr-libc.fplib
                0x0000160e       0x4a e:/tools/microchip_studio/7.0/toolchain/avr8/avr8-gnu-toolchain/bin/../lib/gcc/avr/5.4.0/../../../../avr/lib/avr51\libm.a(fp_powser.o)
                0x0000160e                __fp_powser
 .text.libgcc.div
                0x00001658       0x28 e:/tools/microchip_studio/7.0/toolchain/avr8/avr8-gnu-toolchain/bin/../lib/gcc/avr/5.4.0/avr51\libgcc.a(_udivmodhi4.o)
                0x00001658                __udivmodhi4
 .text.libgcc.div
                0x00001680       0x26 e:/tools/microchip_studio/7.0/toolchain/avr8/avr8-gnu-toolchain/bin/../lib/gcc/avr/5.4.0/avr51\libgcc.a(_divmodhi4.o)
                0x00001680                _div
                0x00001680                __divmodhi4
 .text.libgcc.mul
                0x000016a6       0x1e e:/tools/microchip_studio/7.0/toolchain/avr8/avr8-gnu-toolchain/bin/../lib/gcc/avr/5.4.0/avr51\libgcc.a(_umulhisi3.o)
                0x000016a6                __umulhisi3
 .text.avr-libc
                0x000016c4       0x3a e:/tools/microchip_studio/7.0/toolchain/avr8/avr8-gnu-toolchain/bin/../lib/gcc/avr/5.4.0/../../../../avr/lib/avr51\libc.a(atoi.o)
                0x000016c4                atoi
 .text.avr-libc
                0x000016fe       0x12 e:/tools/microchip_studio/7.0/toolchain/avr8/avr8-gnu-toolchain/bin/../lib/gcc/avr/5.4.0/../../../../avr/lib/avr51\libc.a(strcmp.o)
                0x000016fe                strcmp
 .text.avr-libc
                0x00001710       0x1c e:/tools/microchip_studio/7.0/toolchain/avr8/avr8-gnu-toolchain/bin/../lib/gcc/avr/5.4.0/../../../../avr/lib/avr51\libc.a(strncmp.o)
                0x00001710                strncmp
 .text.avr-libc
                0x0000172c       0x10 e:/tools/microchip_studio/7.0/toolchain/avr8/avr8-gnu-toolchain/bin/../lib/gcc/avr/5.4.0/../../../../avr/lib/avr51\libc.a(mul10.o)
                0x0000172c                __mulhi_const_10
 .text.avr-libc
                0x0000173c       0x5c e:/tools/microchip_studio/7.0/toolchain/avr8/avr8-gnu-toolchain/bin/../lib/gcc/avr/5.4.0/../../../../avr/lib/avr51\libc.a(sprintf.o)
                0x0000173c                sprintf
 .text.avr-libc
                0x00001798      0x3fa e:/tools/microchip_studio/7.0/toolchain/avr8/avr8-gnu-toolchain/bin/../lib/gcc/avr/5.4.0/../../../../avr/lib/avr51\libc.a(vfprintf_std.o)
                0x00001798                vfprintf
 .text.avr-libc
                0x00001b92       0x16 e:/tools/microchip_studio/7.0/toolchain/avr8/avr8-gnu-toolchain/bin/../lib/gcc/avr/5.4.0/../../../../avr/lib/avr51\libc.a(strnlen_P.o)
                0x00001b92                strnlen_P
 .text.avr-libc
                0x00001ba8       0x16 e:/tools/microchip_studio/7.0/toolchain/avr8/avr8-gnu-toolchain/bin/../lib/gcc/avr/5.4.0/../../../../avr/lib/avr51\libc.a(strnlen.o)
                0x00001ba8                strnlen
 .text.avr-libc
                0x00001bbe       0x78 e:/tools/microchip_studio/7.0/toolchain/avr8/avr8-gnu-toolchain/bin/../lib/gcc/avr/5.4.0/../../../../avr/lib/avr51\libc.a(fputc.o)
                0x00001bbe                fputc
 .text.avr-libc
                0x00001c36       0xbc e:/tools/microchip_studio/7.0/toolchain/avr8/avr8-gnu-toolchain/bin/../lib/gcc/avr/5.4.0/../../../../avr/lib/avr51\libc.a(ultoa_invert.o)
                0x00001c36                __ultoa_invert
                0x00001cf2                . = ALIGN (0x2)
 *(.fini9)
 .fini9         0x00001cf2        0x0 e:/tools/microchip_studio/7.0/toolchain/avr8/avr8-gnu-toolchain/bin/../lib/gcc/avr/5.4.0/avr51\libgcc.a(_exit.o)
                0x00001cf2                _exit
                0x00001cf2                exit
 *(.fini9)
 *(.fini8)
 *(.fini8)
 *(.fini7)
 *(.fini7)
 *(.fini6)
 *(.fini6)
 *(.fini5)
 *(.fini5)
 *(.fini4)
 *(.fini4)
 *(.fini3)
 *(.fini3)
 *(.fini2)
 *(.fini2)
 *(.fini1)
 *(.fini1)
 *(.fini0)
 .fini0         0x00001cf2        0x4 e:/tools/microchip_studio/7.0/toolchain/avr8/avr8-gnu-toolchain/bin/../lib/gcc/avr/5.4.0/avr51\libgcc.a(_exit.o)
 *(.fini0)
                0x00001cf6                _etext = .

.data           0x00800100      0x60c load address 0x00001cf6
                0x00800100                PROVIDE (__data_start, .)
 *(.data)
 *(.data*)
 .data.chosenAlgorithm
                0x00800100        0x2 main_iot.o
                0x00800100                chosenAlgorithm
 .data.font     0x00800102      0x1db _glcd.o
                0x00800102                font
 .data.Time_Of_Timer2
                0x008002dd        0x2 _timer2.o
                0x008002dd                Time_Of_Timer2
 *(.gnu.linkonce.d*)
 *(.rodata)
 *(.rodata*)
 .rodata.str1.1
                0x008002df      0x42d main_iot.o
                                0x436 (size before relaxing)
 *(.gnu.linkonce.r*)
                0x0080070c                . = ALIGN (0x2)
                0x0080070c                _edata = .
                0x0080070c                PROVIDE (__data_end, .)

.bss            0x0080070c      0x490
                0x0080070c                PROVIDE (__bss_start, .)
 *(.bss)
 *(.bss*)
 .bss.adc_channel.2704
                0x0080070c        0x1 main_iot.o
 .bss.historyIndex
                0x0080070d        0x2 main_iot.o
                0x0080070d                historyIndex
 .bss.playMode  0x0080070f        0x2 main_iot.o
                0x0080070f                playMode
 .bss.joystickSwitchStatus
                0x00800711        0x1 main_iot.o
                0x00800711                joystickSwitchStatus
 .bss.joystickYCoord
                0x00800712        0x2 main_iot.o
                0x00800712                joystickYCoord
 .bss.joystickXCoord
                0x00800714        0x2 main_iot.o
                0x00800714                joystickXCoord
 .bss.measuring
                0x00800716        0x1 main_iot.o
                0x00800716                measuring
 .bss.distance  0x00800717        0x2 main_iot.o
                0x00800717                distance
 .bss.pulse_end
                0x00800719        0x2 main_iot.o
                0x00800719                pulse_end
 .bss.pulse_start
                0x0080071b        0x2 main_iot.o
                0x0080071b                pulse_start
 .bss.servoMotorPosition
                0x0080071d        0x2 main_iot.o
                0x0080071d                servoMotorPosition
 .bss.ventilationState
                0x0080071f        0x2 main_iot.o
                0x0080071f                ventilationState
 .bss.illuminationStatus
                0x00800721        0x2 main_iot.o
                0x00800721                illuminationStatus
 .bss.serialBufferPosition
                0x00800723        0x1 main_iot.o
                0x00800723                serialBufferPosition
 .bss.Task1_Of_Timer2
                0x00800724        0x2 _timer2.o
                0x00800724                Task1_Of_Timer2
 .bss.Count_Of_Timer2
                0x00800726        0x2 _timer2.o
                0x00800726                Count_Of_Timer2
 *(COMMON)
 COMMON         0x00800728       0x6e main_iot.o
                0x00800728                numberHistory
                0x00800732                serialBuffer
 COMMON         0x00800796      0x404 _glcd.o
                0x00800796                xchar
                0x00800797                d
                0x00800799                ScreenBuffer
                0x00800b99                ychar
 COMMON         0x00800b9a        0x2 _uart.o
                0x00800b9a                ubrr
                0x00800b9c                PROVIDE (__bss_end, .)
                0x00001cf6                __data_load_start = LOADADDR (.data)
                0x00002302                __data_load_end = (__data_load_start + SIZEOF (.data))

.noinit         0x00800b9c        0x0
                [!provide]                PROVIDE (__noinit_start, .)
 *(.noinit*)
                [!provide]                PROVIDE (__noinit_end, .)
                0x00800b9c                _end = .
                [!provide]                PROVIDE (__heap_start, .)

.eeprom         0x00810000        0x0
 *(.eeprom*)
                0x00810000                __eeprom_end = .

.fuse
 *(.fuse)
 *(.lfuse)
 *(.hfuse)
 *(.efuse)

.lock
 *(.lock*)

.signature
 *(.signature*)

.user_signatures
 *(.user_signatures*)

.stab
 *(.stab)

.stabstr
 *(.stabstr)

.stab.excl
 *(.stab.excl)

.stab.exclstr
 *(.stab.exclstr)

.stab.index
 *(.stab.index)

.stab.indexstr
 *(.stab.indexstr)

.comment        0x00000000       0x5c
 *(.comment)
 .comment       0x00000000       0x30 Main.o
                                 0x31 (size before relaxing)
 .comment       0x00000030       0x31 main_graphics.o
 .comment       0x00000030       0x31 main_iot.o
 .comment       0x00000030       0x31 _adc.o
 .comment       0x00000030       0x31 _glcd.o
 .comment       0x00000030       0x31 _init.o
 .comment       0x00000030       0x31 _interrupt.o
 .comment       0x00000030       0x31 _port.o
 .comment       0x00000030       0x31 _timer2.o
 .comment       0x00000030       0x31 _uart.o
 .comment       0x00000030       0x31 e:/tools/microchip_studio/7.0/toolchain/avr8/avr8-gnu-toolchain/bin/../lib/gcc/avr/5.4.0/../../../../avr/lib/avr51\libc.a(sprintf.o)
 .comment       0x00000030       0x2c e:/tools/microchip_studio/7.0/toolchain/avr8/avr8-gnu-toolchain/bin/../lib/gcc/avr/5.4.0/../../../../avr/lib/avr51\libc.a(vfprintf_std.o)
                                 0x2d (size before relaxing)
 .comment       0x0000005c       0x31 e:/tools/microchip_studio/7.0/toolchain/avr8/avr8-gnu-toolchain/bin/../lib/gcc/avr/5.4.0/../../../../avr/lib/avr51\libc.a(fputc.o)

.note.gnu.avr.deviceinfo
                0x00000000       0x3c
 .note.gnu.avr.deviceinfo
                0x00000000       0x3c E:/tools/microchip_studio/7.0/Packs/Atmel/ATmega_DFP/2.0.401/gcc/dev/atmega128/avr51/crtatmega128.o

.note.gnu.build-id
 *(.note.gnu.build-id)

.debug
 *(.debug)

.line
 *(.line)

.debug_srcinfo
 *(.debug_srcinfo)

.debug_sfnames
 *(.debug_sfnames)

.debug_aranges  0x00000000      0x2e8
 *(.debug_aranges)
 .debug_aranges
                0x00000000       0x20 Main.o
 .debug_aranges
                0x00000020       0x20 main_graphics.o
 .debug_aranges
                0x00000040       0xc8 main_iot.o
 .debug_aranges
                0x00000108       0x28 _adc.o
 .debug_aranges
                0x00000130       0xc8 _glcd.o
 .debug_aranges
                0x000001f8       0x20 _init.o
 .debug_aranges
                0x00000218       0x20 _interrupt.o
 .debug_aranges
                0x00000238       0x20 _port.o
 .debug_aranges
                0x00000258       0x28 _timer2.o
 .debug_aranges
                0x00000280       0x68 _uart.o

.debug_pubnames
 *(.debug_pubnames)

.debug_info     0x00000000     0x41f3
 *(.debug_info .gnu.linkonce.wi.*)
 .debug_info    0x00000000      0x780 E:/tools/microchip_studio/7.0/Packs/Atmel/ATmega_DFP/2.0.401/gcc/dev/atmega128/avr51/crtatmega128.o
 .debug_info    0x00000780       0x9e Main.o
 .debug_info    0x0000081e      0x1a4 main_graphics.o
 .debug_info    0x000009c2     0x12d7 main_iot.o
 .debug_info    0x00001c99       0xc3 _adc.o
 .debug_info    0x00001d5c     0x1918 _glcd.o
 .debug_info    0x00003674      0x108 _init.o
 .debug_info    0x0000377c       0x8a _interrupt.o
 .debug_info    0x00003806       0x8a _port.o
 .debug_info    0x00003890       0xd6 _timer2.o
 .debug_info    0x00003966      0x88d _uart.o

.debug_abbrev   0x00000000     0x134b
 *(.debug_abbrev)
 .debug_abbrev  0x00000000      0x718 E:/tools/microchip_studio/7.0/Packs/Atmel/ATmega_DFP/2.0.401/gcc/dev/atmega128/avr51/crtatmega128.o
 .debug_abbrev  0x00000718       0x65 Main.o
 .debug_abbrev  0x0000077d      0x11f main_graphics.o
 .debug_abbrev  0x0000089c      0x3c7 main_iot.o
 .debug_abbrev  0x00000c63       0x89 _adc.o
 .debug_abbrev  0x00000cec      0x325 _glcd.o
 .debug_abbrev  0x00001011       0x63 _init.o
 .debug_abbrev  0x00001074       0x51 _interrupt.o
 .debug_abbrev  0x000010c5       0x51 _port.o
 .debug_abbrev  0x00001116       0x7a _timer2.o
 .debug_abbrev  0x00001190      0x1bb _uart.o

.debug_line     0x00000000     0x2425
 *(.debug_line .debug_line.* .debug_line_end)
 .debug_line    0x00000000      0x16a E:/tools/microchip_studio/7.0/Packs/Atmel/ATmega_DFP/2.0.401/gcc/dev/atmega128/avr51/crtatmega128.o
 .debug_line    0x0000016a       0x52 Main.o
 .debug_line    0x000001bc      0x151 main_graphics.o
 .debug_line    0x0000030d      0x98f main_iot.o
 .debug_line    0x00000c9c       0xed _adc.o
 .debug_line    0x00000d89      0xe08 _glcd.o
 .debug_line    0x00001b91       0xb2 _init.o
 .debug_line    0x00001c43       0xa9 _interrupt.o
 .debug_line    0x00001cec       0xb0 _port.o
 .debug_line    0x00001d9c       0xe0 _timer2.o
 .debug_line    0x00001e7c      0x5a9 _uart.o

.debug_frame    0x00000000      0x804
 *(.debug_frame)
 .debug_frame   0x00000000       0x24 Main.o
 .debug_frame   0x00000024       0x30 main_graphics.o
 .debug_frame   0x00000054      0x380 main_iot.o
 .debug_frame   0x000003d4       0x34 _adc.o
 .debug_frame   0x00000408      0x268 _glcd.o
 .debug_frame   0x00000670       0x24 _init.o
 .debug_frame   0x00000694       0x24 _interrupt.o
 .debug_frame   0x000006b8       0x24 _port.o
 .debug_frame   0x000006dc       0x54 _timer2.o
 .debug_frame   0x00000730       0xd4 _uart.o

.debug_str      0x00000000      0xad7
 *(.debug_str)
 .debug_str     0x00000000      0x27d E:/tools/microchip_studio/7.0/Packs/Atmel/ATmega_DFP/2.0.401/gcc/dev/atmega128/avr51/crtatmega128.o
 .debug_str     0x0000027d      0x152 Main.o
                                0x18b (size before relaxing)
 .debug_str     0x000003cf       0x99 main_graphics.o
                                0x213 (size before relaxing)
 .debug_str     0x00000468      0x3b4 main_iot.o
                                0x580 (size before relaxing)
 .debug_str     0x0000081c       0x2d _adc.o
                                0x197 (size before relaxing)
 .debug_str     0x00000849      0x121 _glcd.o
                                0x307 (size before relaxing)
 .debug_str     0x0000096a       0x3d _init.o
                                0x1be (size before relaxing)
 .debug_str     0x000009a7       0x12 _interrupt.o
                                0x18b (size before relaxing)
 .debug_str     0x000009b9        0xd _port.o
                                0x181 (size before relaxing)
 .debug_str     0x000009c6       0x4a _timer2.o
                                0x1c0 (size before relaxing)
 .debug_str     0x00000a10       0xc7 _uart.o
                                0x252 (size before relaxing)

.debug_loc      0x00000000     0x3cf2
 *(.debug_loc)
 .debug_loc     0x00000000       0xd1 main_graphics.o
 .debug_loc     0x000000d1      0xec8 main_iot.o
 .debug_loc     0x00000f99       0x4d _adc.o
 .debug_loc     0x00000fe6     0x23a4 _glcd.o
 .debug_loc     0x0000338a       0x63 _timer2.o
 .debug_loc     0x000033ed      0x905 _uart.o

.debug_macinfo
 *(.debug_macinfo)

.debug_weaknames
 *(.debug_weaknames)

.debug_funcnames
 *(.debug_funcnames)

.debug_typenames
 *(.debug_typenames)

.debug_varnames
 *(.debug_varnames)

.debug_pubtypes
 *(.debug_pubtypes)

.debug_ranges   0x00000000      0x490
 *(.debug_ranges)
 .debug_ranges  0x00000000       0x10 Main.o
 .debug_ranges  0x00000010       0x10 main_graphics.o
 .debug_ranges  0x00000020      0x150 main_iot.o
 .debug_ranges  0x00000170       0x18 _adc.o
 .debug_ranges  0x00000188      0x238 _glcd.o
 .debug_ranges  0x000003c0       0x10 _init.o
 .debug_ranges  0x000003d0       0x10 _interrupt.o
 .debug_ranges  0x000003e0       0x10 _port.o
 .debug_ranges  0x000003f0       0x18 _timer2.o
 .debug_ranges  0x00000408       0x88 _uart.o

.debug_macro
 *(.debug_macro)
OUTPUT(Main.elf elf32-avr)
LOAD linker stubs
